[0.323s] DEBUG:colcon:Command line arguments: ['/usr/bin/colcon', 'build']
[0.324s] DEBUG:colcon:Parsed command line arguments: Namespace(log_base=None, log_level=None, verb_name='build', build_base='build', install_base='install', merge_install=False, symlink_install=False, test_result_base=None, continue_on_error=False, executor='parallel', parallel_workers=12, event_handlers=None, ignore_user_meta=False, metas=['./colcon.meta'], base_paths=['.'], packages_ignore=None, packages_ignore_regex=None, paths=None, packages_up_to=None, packages_up_to_regex=None, packages_above=None, packages_above_and_dependencies=None, packages_above_depth=None, packages_select_by_dep=None, packages_skip_by_dep=None, packages_skip_up_to=None, packages_select_build_failed=False, packages_skip_build_finished=False, packages_select_test_failures=False, packages_skip_test_passed=False, packages_select=None, packages_skip=None, packages_select_regex=None, packages_skip_regex=None, packages_start=None, packages_end=None, allow_overriding=[], cmake_args=None, cmake_target=None, cmake_target_skip_unavailable=False, cmake_clean_cache=False, cmake_clean_first=False, cmake_force_configure=False, ament_cmake_args=None, catkin_cmake_args=None, catkin_skip_building_tests=False, mixin_files=None, mixin=None, verb_parser=<colcon_mixin.mixin.mixin_argument.MixinArgumentDecorator object at 0x7b2d94988c70>, verb_extension=<colcon_core.verb.build.BuildVerb object at 0x7b2d94988640>, main=<bound method BuildVerb.main of <colcon_core.verb.build.BuildVerb object at 0x7b2d94988640>>, mixin_verb=('build',))
[0.416s] Level 1:colcon.colcon_core.package_discovery:discover_packages(colcon_meta) check parameters
[0.416s] Level 1:colcon.colcon_core.package_discovery:discover_packages(recursive) check parameters
[0.416s] Level 1:colcon.colcon_core.package_discovery:discover_packages(ignore) check parameters
[0.416s] Level 1:colcon.colcon_core.package_discovery:discover_packages(path) check parameters
[0.416s] Level 1:colcon.colcon_core.package_discovery:discover_packages(colcon_meta) discover
[0.416s] Level 1:colcon.colcon_core.package_discovery:discover_packages(recursive) discover
[0.416s] INFO:colcon.colcon_core.package_discovery:Crawling recursively for packages in '/home/qndks11/HYPER'
[0.416s] Level 1:colcon.colcon_core.package_identification:_identify(.) by extensions ['ignore', 'ignore_ament_install']
[0.416s] Level 1:colcon.colcon_core.package_identification:_identify(.) by extension 'ignore'
[0.417s] Level 1:colcon.colcon_core.package_identification:_identify(.) by extension 'ignore_ament_install'
[0.417s] Level 1:colcon.colcon_core.package_identification:_identify(.) by extensions ['colcon_pkg']
[0.417s] Level 1:colcon.colcon_core.package_identification:_identify(.) by extension 'colcon_pkg'
[0.417s] Level 1:colcon.colcon_core.package_identification:_identify(.) by extensions ['colcon_meta']
[0.417s] Level 1:colcon.colcon_core.package_identification:_identify(.) by extension 'colcon_meta'
[0.417s] Level 1:colcon.colcon_core.package_identification:_identify(.) by extensions ['ros']
[0.417s] Level 1:colcon.colcon_core.package_identification:_identify(.) by extension 'ros'
[0.448s] Level 1:colcon.colcon_core.package_identification:_identify(.) by extensions ['cmake', 'python']
[0.448s] Level 1:colcon.colcon_core.package_identification:_identify(.) by extension 'cmake'
[0.448s] Level 1:colcon.colcon_core.package_identification:_identify(.) by extension 'python'
[0.449s] Level 1:colcon.colcon_core.package_identification:_identify(.) by extensions ['python_setup_py']
[0.449s] Level 1:colcon.colcon_core.package_identification:_identify(.) by extension 'python_setup_py'
[0.449s] Level 1:colcon.colcon_core.package_identification:_identify(build) by extensions ['ignore', 'ignore_ament_install']
[0.449s] Level 1:colcon.colcon_core.package_identification:_identify(build) by extension 'ignore'
[0.449s] Level 1:colcon.colcon_core.package_identification:_identify(build) ignored
[0.449s] Level 1:colcon.colcon_core.package_identification:_identify(docs) by extensions ['ignore', 'ignore_ament_install']
[0.449s] Level 1:colcon.colcon_core.package_identification:_identify(docs) by extension 'ignore'
[0.449s] Level 1:colcon.colcon_core.package_identification:_identify(docs) by extension 'ignore_ament_install'
[0.449s] Level 1:colcon.colcon_core.package_identification:_identify(docs) by extensions ['colcon_pkg']
[0.449s] Level 1:colcon.colcon_core.package_identification:_identify(docs) by extension 'colcon_pkg'
[0.449s] Level 1:colcon.colcon_core.package_identification:_identify(docs) by extensions ['colcon_meta']
[0.449s] Level 1:colcon.colcon_core.package_identification:_identify(docs) by extension 'colcon_meta'
[0.449s] Level 1:colcon.colcon_core.package_identification:_identify(docs) by extensions ['ros']
[0.449s] Level 1:colcon.colcon_core.package_identification:_identify(docs) by extension 'ros'
[0.450s] Level 1:colcon.colcon_core.package_identification:_identify(docs) by extensions ['cmake', 'python']
[0.450s] Level 1:colcon.colcon_core.package_identification:_identify(docs) by extension 'cmake'
[0.450s] Level 1:colcon.colcon_core.package_identification:_identify(docs) by extension 'python'
[0.450s] Level 1:colcon.colcon_core.package_identification:_identify(docs) by extensions ['python_setup_py']
[0.450s] Level 1:colcon.colcon_core.package_identification:_identify(docs) by extension 'python_setup_py'
[0.450s] Level 1:colcon.colcon_core.package_identification:_identify(install) by extensions ['ignore', 'ignore_ament_install']
[0.450s] Level 1:colcon.colcon_core.package_identification:_identify(install) by extension 'ignore'
[0.450s] Level 1:colcon.colcon_core.package_identification:_identify(install) ignored
[0.450s] Level 1:colcon.colcon_core.package_identification:_identify(log) by extensions ['ignore', 'ignore_ament_install']
[0.450s] Level 1:colcon.colcon_core.package_identification:_identify(log) by extension 'ignore'
[0.450s] Level 1:colcon.colcon_core.package_identification:_identify(log) ignored
[0.450s] Level 1:colcon.colcon_core.package_identification:_identify(src) by extensions ['ignore', 'ignore_ament_install']
[0.450s] Level 1:colcon.colcon_core.package_identification:_identify(src) by extension 'ignore'
[0.450s] Level 1:colcon.colcon_core.package_identification:_identify(src) by extension 'ignore_ament_install'
[0.450s] Level 1:colcon.colcon_core.package_identification:_identify(src) by extensions ['colcon_pkg']
[0.450s] Level 1:colcon.colcon_core.package_identification:_identify(src) by extension 'colcon_pkg'
[0.451s] Level 1:colcon.colcon_core.package_identification:_identify(src) by extensions ['colcon_meta']
[0.451s] Level 1:colcon.colcon_core.package_identification:_identify(src) by extension 'colcon_meta'
[0.451s] Level 1:colcon.colcon_core.package_identification:_identify(src) by extensions ['ros']
[0.451s] Level 1:colcon.colcon_core.package_identification:_identify(src) by extension 'ros'
[0.451s] Level 1:colcon.colcon_core.package_identification:_identify(src) by extensions ['cmake', 'python']
[0.451s] Level 1:colcon.colcon_core.package_identification:_identify(src) by extension 'cmake'
[0.451s] Level 1:colcon.colcon_core.package_identification:_identify(src) by extension 'python'
[0.451s] Level 1:colcon.colcon_core.package_identification:_identify(src) by extensions ['python_setup_py']
[0.451s] Level 1:colcon.colcon_core.package_identification:_identify(src) by extension 'python_setup_py'
[0.451s] Level 1:colcon.colcon_core.package_identification:_identify(src/auto_vehicle) by extensions ['ignore', 'ignore_ament_install']
[0.451s] Level 1:colcon.colcon_core.package_identification:_identify(src/auto_vehicle) by extension 'ignore'
[0.451s] Level 1:colcon.colcon_core.package_identification:_identify(src/auto_vehicle) by extension 'ignore_ament_install'
[0.451s] Level 1:colcon.colcon_core.package_identification:_identify(src/auto_vehicle) by extensions ['colcon_pkg']
[0.451s] Level 1:colcon.colcon_core.package_identification:_identify(src/auto_vehicle) by extension 'colcon_pkg'
[0.451s] Level 1:colcon.colcon_core.package_identification:_identify(src/auto_vehicle) by extensions ['colcon_meta']
[0.451s] Level 1:colcon.colcon_core.package_identification:_identify(src/auto_vehicle) by extension 'colcon_meta'
[0.451s] Level 1:colcon.colcon_core.package_identification:_identify(src/auto_vehicle) by extensions ['ros']
[0.451s] Level 1:colcon.colcon_core.package_identification:_identify(src/auto_vehicle) by extension 'ros'
[0.455s] DEBUG:colcon.colcon_core.package_identification:Package 'src/auto_vehicle' with type 'ros.ament_cmake' and name 'auto_vehicle'
[0.455s] Level 1:colcon.colcon_core.package_identification:_identify(src/perception) by extensions ['ignore', 'ignore_ament_install']
[0.455s] Level 1:colcon.colcon_core.package_identification:_identify(src/perception) by extension 'ignore'
[0.455s] Level 1:colcon.colcon_core.package_identification:_identify(src/perception) by extension 'ignore_ament_install'
[0.455s] Level 1:colcon.colcon_core.package_identification:_identify(src/perception) by extensions ['colcon_pkg']
[0.455s] Level 1:colcon.colcon_core.package_identification:_identify(src/perception) by extension 'colcon_pkg'
[0.455s] Level 1:colcon.colcon_core.package_identification:_identify(src/perception) by extensions ['colcon_meta']
[0.455s] Level 1:colcon.colcon_core.package_identification:_identify(src/perception) by extension 'colcon_meta'
[0.455s] Level 1:colcon.colcon_core.package_identification:_identify(src/perception) by extensions ['ros']
[0.455s] Level 1:colcon.colcon_core.package_identification:_identify(src/perception) by extension 'ros'
[0.456s] DEBUG:colcon.colcon_core.package_identification:Package 'src/perception' with type 'ros.ament_python' and name 'perception'
[0.457s] Level 1:colcon.colcon_core.package_identification:_identify(src/simulation) by extensions ['ignore', 'ignore_ament_install']
[0.457s] Level 1:colcon.colcon_core.package_identification:_identify(src/simulation) by extension 'ignore'
[0.457s] Level 1:colcon.colcon_core.package_identification:_identify(src/simulation) by extension 'ignore_ament_install'
[0.457s] Level 1:colcon.colcon_core.package_identification:_identify(src/simulation) by extensions ['colcon_pkg']
[0.457s] Level 1:colcon.colcon_core.package_identification:_identify(src/simulation) by extension 'colcon_pkg'
[0.457s] Level 1:colcon.colcon_core.package_identification:_identify(src/simulation) by extensions ['colcon_meta']
[0.457s] Level 1:colcon.colcon_core.package_identification:_identify(src/simulation) by extension 'colcon_meta'
[0.457s] Level 1:colcon.colcon_core.package_identification:_identify(src/simulation) by extensions ['ros']
[0.457s] Level 1:colcon.colcon_core.package_identification:_identify(src/simulation) by extension 'ros'
[0.459s] DEBUG:colcon.colcon_core.package_identification:Package 'src/simulation' with type 'ros.ament_python' and name 'simulation'
[0.459s] Level 1:colcon.colcon_core.package_discovery:discover_packages(recursive) using defaults
[0.459s] Level 1:colcon.colcon_core.package_discovery:discover_packages(ignore) discover
[0.459s] Level 1:colcon.colcon_core.package_discovery:discover_packages(ignore) using defaults
[0.459s] Level 1:colcon.colcon_core.package_discovery:discover_packages(path) discover
[0.459s] Level 1:colcon.colcon_core.package_discovery:discover_packages(path) using defaults
[0.490s] Level 1:colcon.colcon_core.package_discovery:discover_packages(prefix_path) check parameters
[0.490s] Level 1:colcon.colcon_core.package_discovery:discover_packages(prefix_path) discover
[0.495s] DEBUG:colcon.colcon_installed_package_information.package_discovery:Found 2 installed packages in /home/qndks11/HYPER/install
[0.496s] DEBUG:colcon.colcon_installed_package_information.package_discovery:Found 3 installed packages in /home/qndks11/ros2_ws/install
[0.497s] DEBUG:colcon.colcon_installed_package_information.package_discovery:Found 288 installed packages in /opt/ros/humble
[0.499s] Level 1:colcon.colcon_core.package_discovery:discover_packages(prefix_path) using defaults
[0.559s] Level 5:colcon.colcon_core.verb:set package 'auto_vehicle' build argument 'cmake_args' from command line to 'None'
[0.559s] Level 5:colcon.colcon_core.verb:set package 'auto_vehicle' build argument 'cmake_target' from command line to 'None'
[0.559s] Level 5:colcon.colcon_core.verb:set package 'auto_vehicle' build argument 'cmake_target_skip_unavailable' from command line to 'False'
[0.559s] Level 5:colcon.colcon_core.verb:set package 'auto_vehicle' build argument 'cmake_clean_cache' from command line to 'False'
[0.559s] Level 5:colcon.colcon_core.verb:set package 'auto_vehicle' build argument 'cmake_clean_first' from command line to 'False'
[0.559s] Level 5:colcon.colcon_core.verb:set package 'auto_vehicle' build argument 'cmake_force_configure' from command line to 'False'
[0.559s] Level 5:colcon.colcon_core.verb:set package 'auto_vehicle' build argument 'ament_cmake_args' from command line to 'None'
[0.559s] Level 5:colcon.colcon_core.verb:set package 'auto_vehicle' build argument 'catkin_cmake_args' from command line to 'None'
[0.559s] Level 5:colcon.colcon_core.verb:set package 'auto_vehicle' build argument 'catkin_skip_building_tests' from command line to 'False'
[0.559s] DEBUG:colcon.colcon_core.verb:Building package 'auto_vehicle' with the following arguments: {'ament_cmake_args': None, 'build_base': '/home/qndks11/HYPER/build/auto_vehicle', 'catkin_cmake_args': None, 'catkin_skip_building_tests': False, 'cmake_args': None, 'cmake_clean_cache': False, 'cmake_clean_first': False, 'cmake_force_configure': False, 'cmake_target': None, 'cmake_target_skip_unavailable': False, 'install_base': '/home/qndks11/HYPER/install/auto_vehicle', 'merge_install': False, 'path': '/home/qndks11/HYPER/src/auto_vehicle', 'symlink_install': False, 'test_result_base': None}
[0.560s] Level 5:colcon.colcon_core.verb:set package 'perception' build argument 'cmake_args' from command line to 'None'
[0.560s] Level 5:colcon.colcon_core.verb:set package 'perception' build argument 'cmake_target' from command line to 'None'
[0.560s] Level 5:colcon.colcon_core.verb:set package 'perception' build argument 'cmake_target_skip_unavailable' from command line to 'False'
[0.560s] Level 5:colcon.colcon_core.verb:set package 'perception' build argument 'cmake_clean_cache' from command line to 'False'
[0.560s] Level 5:colcon.colcon_core.verb:set package 'perception' build argument 'cmake_clean_first' from command line to 'False'
[0.560s] Level 5:colcon.colcon_core.verb:set package 'perception' build argument 'cmake_force_configure' from command line to 'False'
[0.560s] Level 5:colcon.colcon_core.verb:set package 'perception' build argument 'ament_cmake_args' from command line to 'None'
[0.560s] Level 5:colcon.colcon_core.verb:set package 'perception' build argument 'catkin_cmake_args' from command line to 'None'
[0.560s] Level 5:colcon.colcon_core.verb:set package 'perception' build argument 'catkin_skip_building_tests' from command line to 'False'
[0.560s] DEBUG:colcon.colcon_core.verb:Building package 'perception' with the following arguments: {'ament_cmake_args': None, 'build_base': '/home/qndks11/HYPER/build/perception', 'catkin_cmake_args': None, 'catkin_skip_building_tests': False, 'cmake_args': None, 'cmake_clean_cache': False, 'cmake_clean_first': False, 'cmake_force_configure': False, 'cmake_target': None, 'cmake_target_skip_unavailable': False, 'install_base': '/home/qndks11/HYPER/install/perception', 'merge_install': False, 'path': '/home/qndks11/HYPER/src/perception', 'symlink_install': False, 'test_result_base': None}
[0.560s] Level 5:colcon.colcon_core.verb:set package 'simulation' build argument 'cmake_args' from command line to 'None'
[0.560s] Level 5:colcon.colcon_core.verb:set package 'simulation' build argument 'cmake_target' from command line to 'None'
[0.560s] Level 5:colcon.colcon_core.verb:set package 'simulation' build argument 'cmake_target_skip_unavailable' from command line to 'False'
[0.560s] Level 5:colcon.colcon_core.verb:set package 'simulation' build argument 'cmake_clean_cache' from command line to 'False'
[0.560s] Level 5:colcon.colcon_core.verb:set package 'simulation' build argument 'cmake_clean_first' from command line to 'False'
[0.560s] Level 5:colcon.colcon_core.verb:set package 'simulation' build argument 'cmake_force_configure' from command line to 'False'
[0.561s] Level 5:colcon.colcon_core.verb:set package 'simulation' build argument 'ament_cmake_args' from command line to 'None'
[0.561s] Level 5:colcon.colcon_core.verb:set package 'simulation' build argument 'catkin_cmake_args' from command line to 'None'
[0.561s] Level 5:colcon.colcon_core.verb:set package 'simulation' build argument 'catkin_skip_building_tests' from command line to 'False'
[0.561s] DEBUG:colcon.colcon_core.verb:Building package 'simulation' with the following arguments: {'ament_cmake_args': None, 'build_base': '/home/qndks11/HYPER/build/simulation', 'catkin_cmake_args': None, 'catkin_skip_building_tests': False, 'cmake_args': None, 'cmake_clean_cache': False, 'cmake_clean_first': False, 'cmake_force_configure': False, 'cmake_target': None, 'cmake_target_skip_unavailable': False, 'install_base': '/home/qndks11/HYPER/install/simulation', 'merge_install': False, 'path': '/home/qndks11/HYPER/src/simulation', 'symlink_install': False, 'test_result_base': None}
[0.561s] INFO:colcon.colcon_core.executor:Executing jobs using 'parallel' executor
[0.562s] DEBUG:colcon.colcon_parallel_executor.executor.parallel:run_until_complete
[0.563s] INFO:colcon.colcon_ros.task.ament_cmake.build:Building ROS package in '/home/qndks11/HYPER/src/auto_vehicle' with build type 'ament_cmake'
[0.563s] INFO:colcon.colcon_cmake.task.cmake.build:Building CMake package in '/home/qndks11/HYPER/src/auto_vehicle'
[0.570s] INFO:colcon.colcon_core.plugin_system:Skipping extension 'colcon_core.shell.bat': Not used on non-Windows systems
[0.570s] INFO:colcon.colcon_core.shell:Skip shell extension 'powershell' for command environment: Not usable outside of PowerShell
[0.570s] DEBUG:colcon.colcon_core.shell:Skip shell extension 'dsv' for command environment
[0.576s] INFO:colcon.colcon_ros.task.ament_python.build:Building ROS package in '/home/qndks11/HYPER/src/perception' with build type 'ament_python'
[0.576s] Level 1:colcon.colcon_core.shell:create_environment_hook('perception', 'ament_prefix_path')
[0.576s] INFO:colcon.colcon_core.shell:Creating environment hook '/home/qndks11/HYPER/install/perception/share/perception/hook/ament_prefix_path.ps1'
[0.579s] INFO:colcon.colcon_core.shell:Creating environment descriptor '/home/qndks11/HYPER/install/perception/share/perception/hook/ament_prefix_path.dsv'
[0.579s] INFO:colcon.colcon_core.shell:Creating environment hook '/home/qndks11/HYPER/install/perception/share/perception/hook/ament_prefix_path.sh'
[0.582s] INFO:colcon.colcon_core.shell:Skip shell extension 'powershell' for command environment: Not usable outside of PowerShell
[0.582s] DEBUG:colcon.colcon_core.shell:Skip shell extension 'dsv' for command environment
[0.586s] INFO:colcon.colcon_ros.task.ament_python.build:Building ROS package in '/home/qndks11/HYPER/src/simulation' with build type 'ament_python'
[0.586s] Level 1:colcon.colcon_core.shell:create_environment_hook('simulation', 'ament_prefix_path')
[0.587s] INFO:colcon.colcon_core.shell:Creating environment hook '/home/qndks11/HYPER/install/simulation/share/simulation/hook/ament_prefix_path.ps1'
[0.587s] INFO:colcon.colcon_core.shell:Creating environment descriptor '/home/qndks11/HYPER/install/simulation/share/simulation/hook/ament_prefix_path.dsv'
[0.588s] INFO:colcon.colcon_core.shell:Creating environment hook '/home/qndks11/HYPER/install/simulation/share/simulation/hook/ament_prefix_path.sh'
[0.588s] INFO:colcon.colcon_core.shell:Skip shell extension 'powershell' for command environment: Not usable outside of PowerShell
[0.588s] DEBUG:colcon.colcon_core.shell:Skip shell extension 'dsv' for command environment
[0.602s] DEBUG:colcon.colcon_core.event_handler.log_command:Invoking command in '/home/qndks11/HYPER/build/auto_vehicle': CMAKE_PREFIX_PATH=${CMAKE_PREFIX_PATH}:/home/qndks11/HYPER/install/simulation:/home/qndks11/HYPER/install/perception:/home/qndks11/ros2_ws/install/offboard_pkg:/opt/ros/humble /usr/bin/cmake /home/qndks11/HYPER/src/auto_vehicle -DCMAKE_INSTALL_PREFIX=/home/qndks11/HYPER/install/auto_vehicle
[0.998s] INFO:colcon.colcon_core.task.python.build:Building Python package in '/home/qndks11/HYPER/src/perception'
[0.999s] INFO:colcon.colcon_core.shell:Skip shell extension 'powershell' for command environment: Not usable outside of PowerShell
[0.999s] DEBUG:colcon.colcon_core.shell:Skip shell extension 'dsv' for command environment
[1.262s] INFO:colcon.colcon_core.task.python.build:Building Python package in '/home/qndks11/HYPER/src/simulation'
[1.263s] INFO:colcon.colcon_core.shell:Skip shell extension 'powershell' for command environment: Not usable outside of PowerShell
[1.263s] DEBUG:colcon.colcon_core.shell:Skip shell extension 'dsv' for command environment
[2.171s] DEBUG:colcon.colcon_core.event_handler.log_command:Invoking command in '/home/qndks11/HYPER/src/simulation': PYTHONPATH=/home/qndks11/HYPER/build/simulation/prefix_override:/usr/lib/python3/dist-packages/colcon_core/task/python/colcon_distutils_commands:/home/qndks11/HYPER/install/simulation/lib/python3.10/site-packages:${PYTHONPATH} /usr/bin/python3 -W ignore:setup.py install is deprecated -W ignore:easy_install command is deprecated setup.py egg_info --egg-base ../../build/simulation build --build-base /home/qndks11/HYPER/build/simulation/build install --record /home/qndks11/HYPER/build/simulation/install.log --single-version-externally-managed install_data
[2.173s] DEBUG:colcon.colcon_core.event_handler.log_command:Invoking command in '/home/qndks11/HYPER/src/perception': PYTHONPATH=/home/qndks11/HYPER/build/perception/prefix_override:/usr/lib/python3/dist-packages/colcon_core/task/python/colcon_distutils_commands:/home/qndks11/HYPER/install/perception/lib/python3.10/site-packages:${PYTHONPATH} /usr/bin/python3 -W ignore:setup.py install is deprecated -W ignore:easy_install command is deprecated setup.py egg_info --egg-base ../../build/perception build --build-base /home/qndks11/HYPER/build/perception/build install --record /home/qndks11/HYPER/build/perception/install.log --single-version-externally-managed install_data
[2.841s] DEBUG:colcon.colcon_core.event_handler.log_command:Invoked command in '/home/qndks11/HYPER/src/simulation' returned '0': PYTHONPATH=/home/qndks11/HYPER/build/simulation/prefix_override:/usr/lib/python3/dist-packages/colcon_core/task/python/colcon_distutils_commands:/home/qndks11/HYPER/install/simulation/lib/python3.10/site-packages:${PYTHONPATH} /usr/bin/python3 -W ignore:setup.py install is deprecated -W ignore:easy_install command is deprecated setup.py egg_info --egg-base ../../build/simulation build --build-base /home/qndks11/HYPER/build/simulation/build install --record /home/qndks11/HYPER/build/simulation/install.log --single-version-externally-managed install_data
[2.851s] Level 1:colcon.colcon_core.environment:checking '/home/qndks11/HYPER/install/simulation' for CMake module files
[2.852s] Level 1:colcon.colcon_core.environment:checking '/home/qndks11/HYPER/install/simulation' for CMake config files
[2.853s] Level 1:colcon.colcon_core.environment:checking '/home/qndks11/HYPER/install/simulation/lib'
[2.853s] Level 1:colcon.colcon_core.environment:checking '/home/qndks11/HYPER/install/simulation/bin'
[2.853s] Level 1:colcon.colcon_core.environment:checking '/home/qndks11/HYPER/install/simulation/lib/pkgconfig/simulation.pc'
[2.853s] Level 1:colcon.colcon_core.environment:checking '/home/qndks11/HYPER/install/simulation/lib/python3.10/site-packages'
[2.853s] Level 1:colcon.colcon_core.shell:create_environment_hook('simulation', 'pythonpath')
[2.853s] INFO:colcon.colcon_core.shell:Creating environment hook '/home/qndks11/HYPER/install/simulation/share/simulation/hook/pythonpath.ps1'
[2.854s] INFO:colcon.colcon_core.shell:Creating environment descriptor '/home/qndks11/HYPER/install/simulation/share/simulation/hook/pythonpath.dsv'
[2.854s] INFO:colcon.colcon_core.shell:Creating environment hook '/home/qndks11/HYPER/install/simulation/share/simulation/hook/pythonpath.sh'
[2.855s] Level 1:colcon.colcon_core.environment:checking '/home/qndks11/HYPER/install/simulation/bin'
[2.855s] Level 1:colcon.colcon_core.environment:create_environment_scripts_only(simulation)
[2.855s] INFO:colcon.colcon_core.shell:Creating package script '/home/qndks11/HYPER/install/simulation/share/simulation/package.ps1'
[2.857s] INFO:colcon.colcon_core.shell:Creating package descriptor '/home/qndks11/HYPER/install/simulation/share/simulation/package.dsv'
[2.858s] INFO:colcon.colcon_core.shell:Creating package script '/home/qndks11/HYPER/install/simulation/share/simulation/package.sh'
[2.859s] INFO:colcon.colcon_core.shell:Creating package script '/home/qndks11/HYPER/install/simulation/share/simulation/package.bash'
[2.861s] INFO:colcon.colcon_core.shell:Creating package script '/home/qndks11/HYPER/install/simulation/share/simulation/package.zsh'
[2.862s] Level 1:colcon.colcon_core.environment:create_file_with_runtime_dependencies(/home/qndks11/HYPER/install/simulation/share/colcon-core/packages/simulation)
[2.865s] Level 1:colcon.colcon_core.environment:checking '/home/qndks11/HYPER/install/perception' for CMake module files
[2.866s] DEBUG:colcon.colcon_core.event_handler.log_command:Invoked command in '/home/qndks11/HYPER/src/perception' returned '0': PYTHONPATH=/home/qndks11/HYPER/build/perception/prefix_override:/usr/lib/python3/dist-packages/colcon_core/task/python/colcon_distutils_commands:/home/qndks11/HYPER/install/perception/lib/python3.10/site-packages:${PYTHONPATH} /usr/bin/python3 -W ignore:setup.py install is deprecated -W ignore:easy_install command is deprecated setup.py egg_info --egg-base ../../build/perception build --build-base /home/qndks11/HYPER/build/perception/build install --record /home/qndks11/HYPER/build/perception/install.log --single-version-externally-managed install_data
[2.866s] Level 1:colcon.colcon_core.environment:checking '/home/qndks11/HYPER/install/perception' for CMake config files
[2.867s] Level 1:colcon.colcon_core.environment:checking '/home/qndks11/HYPER/install/perception/lib'
[2.867s] Level 1:colcon.colcon_core.environment:checking '/home/qndks11/HYPER/install/perception/bin'
[2.867s] Level 1:colcon.colcon_core.environment:checking '/home/qndks11/HYPER/install/perception/lib/pkgconfig/perception.pc'
[2.867s] Level 1:colcon.colcon_core.environment:checking '/home/qndks11/HYPER/install/perception/lib/python3.10/site-packages'
[2.868s] Level 1:colcon.colcon_core.shell:create_environment_hook('perception', 'pythonpath')
[2.868s] INFO:colcon.colcon_core.shell:Creating environment hook '/home/qndks11/HYPER/install/perception/share/perception/hook/pythonpath.ps1'
[2.868s] INFO:colcon.colcon_core.shell:Creating environment descriptor '/home/qndks11/HYPER/install/perception/share/perception/hook/pythonpath.dsv'
[2.869s] INFO:colcon.colcon_core.shell:Creating environment hook '/home/qndks11/HYPER/install/perception/share/perception/hook/pythonpath.sh'
[2.870s] Level 1:colcon.colcon_core.environment:checking '/home/qndks11/HYPER/install/perception/bin'
[2.870s] Level 1:colcon.colcon_core.environment:create_environment_scripts_only(perception)
[2.870s] INFO:colcon.colcon_core.shell:Creating package script '/home/qndks11/HYPER/install/perception/share/perception/package.ps1'
[2.871s] INFO:colcon.colcon_core.shell:Creating package descriptor '/home/qndks11/HYPER/install/perception/share/perception/package.dsv'
[2.872s] INFO:colcon.colcon_core.shell:Creating package script '/home/qndks11/HYPER/install/perception/share/perception/package.sh'
[2.872s] INFO:colcon.colcon_core.shell:Creating package script '/home/qndks11/HYPER/install/perception/share/perception/package.bash'
[2.873s] INFO:colcon.colcon_core.shell:Creating package script '/home/qndks11/HYPER/install/perception/share/perception/package.zsh'
[2.873s] Level 1:colcon.colcon_core.environment:create_file_with_runtime_dependencies(/home/qndks11/HYPER/install/perception/share/colcon-core/packages/perception)
[13.302s] DEBUG:colcon.colcon_core.event_handler.log_command:Invoked command in '/home/qndks11/HYPER/build/auto_vehicle' returned '0': CMAKE_PREFIX_PATH=${CMAKE_PREFIX_PATH}:/home/qndks11/HYPER/install/simulation:/home/qndks11/HYPER/install/perception:/home/qndks11/ros2_ws/install/offboard_pkg:/opt/ros/humble /usr/bin/cmake /home/qndks11/HYPER/src/auto_vehicle -DCMAKE_INSTALL_PREFIX=/home/qndks11/HYPER/install/auto_vehicle
[13.304s] DEBUG:colcon.colcon_core.event_handler.log_command:Invoking command in '/home/qndks11/HYPER/build/auto_vehicle': CMAKE_PREFIX_PATH=${CMAKE_PREFIX_PATH}:/home/qndks11/HYPER/install/simulation:/home/qndks11/HYPER/install/perception:/home/qndks11/ros2_ws/install/offboard_pkg:/opt/ros/humble /usr/bin/cmake --build /home/qndks11/HYPER/build/auto_vehicle -- -j12 -l12
[23.534s] DEBUG:colcon.colcon_core.event_handler.log_command:Invoked command in '/home/qndks11/HYPER/build/auto_vehicle' returned '0': CMAKE_PREFIX_PATH=${CMAKE_PREFIX_PATH}:/home/qndks11/HYPER/install/simulation:/home/qndks11/HYPER/install/perception:/home/qndks11/ros2_ws/install/offboard_pkg:/opt/ros/humble /usr/bin/cmake --build /home/qndks11/HYPER/build/auto_vehicle -- -j12 -l12
[23.545s] DEBUG:colcon.colcon_core.event_handler.log_command:Invoking command in '/home/qndks11/HYPER/build/auto_vehicle': CMAKE_PREFIX_PATH=${CMAKE_PREFIX_PATH}:/home/qndks11/HYPER/install/simulation:/home/qndks11/HYPER/install/perception:/home/qndks11/ros2_ws/install/offboard_pkg:/opt/ros/humble /usr/bin/cmake --install /home/qndks11/HYPER/build/auto_vehicle
[23.578s] Level 1:colcon.colcon_core.environment:create_environment_scripts_only(auto_vehicle)
[23.578s] Level 1:colcon.colcon_core.environment:checking '/home/qndks11/HYPER/install/auto_vehicle' for CMake module files
[23.579s] DEBUG:colcon.colcon_core.event_handler.log_command:Invoked command in '/home/qndks11/HYPER/build/auto_vehicle' returned '0': CMAKE_PREFIX_PATH=${CMAKE_PREFIX_PATH}:/home/qndks11/HYPER/install/simulation:/home/qndks11/HYPER/install/perception:/home/qndks11/ros2_ws/install/offboard_pkg:/opt/ros/humble /usr/bin/cmake --install /home/qndks11/HYPER/build/auto_vehicle
[23.579s] Level 1:colcon.colcon_core.environment:checking '/home/qndks11/HYPER/install/auto_vehicle' for CMake config files
[23.579s] Level 1:colcon.colcon_core.shell:create_environment_hook('auto_vehicle', 'cmake_prefix_path')
[23.579s] INFO:colcon.colcon_core.shell:Creating environment hook '/home/qndks11/HYPER/install/auto_vehicle/share/auto_vehicle/hook/cmake_prefix_path.ps1'
[23.580s] INFO:colcon.colcon_core.shell:Creating environment descriptor '/home/qndks11/HYPER/install/auto_vehicle/share/auto_vehicle/hook/cmake_prefix_path.dsv'
[23.581s] INFO:colcon.colcon_core.shell:Creating environment hook '/home/qndks11/HYPER/install/auto_vehicle/share/auto_vehicle/hook/cmake_prefix_path.sh'
[23.581s] Level 1:colcon.colcon_core.environment:checking '/home/qndks11/HYPER/install/auto_vehicle/lib'
[23.581s] Level 1:colcon.colcon_core.environment:checking '/home/qndks11/HYPER/install/auto_vehicle/bin'
[23.582s] Level 1:colcon.colcon_core.environment:checking '/home/qndks11/HYPER/install/auto_vehicle/lib/pkgconfig/auto_vehicle.pc'
[23.582s] Level 1:colcon.colcon_core.environment:checking '/home/qndks11/HYPER/install/auto_vehicle/lib/python3.10/site-packages'
[23.582s] Level 1:colcon.colcon_core.environment:checking '/home/qndks11/HYPER/install/auto_vehicle/bin'
[23.583s] INFO:colcon.colcon_core.shell:Creating package script '/home/qndks11/HYPER/install/auto_vehicle/share/auto_vehicle/package.ps1'
[23.583s] INFO:colcon.colcon_core.shell:Creating package descriptor '/home/qndks11/HYPER/install/auto_vehicle/share/auto_vehicle/package.dsv'
[23.583s] INFO:colcon.colcon_core.shell:Creating package script '/home/qndks11/HYPER/install/auto_vehicle/share/auto_vehicle/package.sh'
[23.584s] INFO:colcon.colcon_core.shell:Creating package script '/home/qndks11/HYPER/install/auto_vehicle/share/auto_vehicle/package.bash'
[23.584s] INFO:colcon.colcon_core.shell:Creating package script '/home/qndks11/HYPER/install/auto_vehicle/share/auto_vehicle/package.zsh'
[23.584s] Level 1:colcon.colcon_core.environment:create_file_with_runtime_dependencies(/home/qndks11/HYPER/install/auto_vehicle/share/colcon-core/packages/auto_vehicle)
[23.586s] Level 1:colcon.colcon_core.environment:create_environment_scripts_only(auto_vehicle)
[23.587s] Level 1:colcon.colcon_core.environment:checking '/home/qndks11/HYPER/install/auto_vehicle' for CMake module files
[23.587s] Level 1:colcon.colcon_core.environment:checking '/home/qndks11/HYPER/install/auto_vehicle' for CMake config files
[23.587s] Level 1:colcon.colcon_core.shell:create_environment_hook('auto_vehicle', 'cmake_prefix_path')
[23.587s] INFO:colcon.colcon_core.shell:Creating environment hook '/home/qndks11/HYPER/install/auto_vehicle/share/auto_vehicle/hook/cmake_prefix_path.ps1'
[23.588s] INFO:colcon.colcon_core.shell:Creating environment descriptor '/home/qndks11/HYPER/install/auto_vehicle/share/auto_vehicle/hook/cmake_prefix_path.dsv'
[23.588s] INFO:colcon.colcon_core.shell:Creating environment hook '/home/qndks11/HYPER/install/auto_vehicle/share/auto_vehicle/hook/cmake_prefix_path.sh'
[23.589s] Level 1:colcon.colcon_core.environment:checking '/home/qndks11/HYPER/install/auto_vehicle/lib'
[23.589s] Level 1:colcon.colcon_core.environment:checking '/home/qndks11/HYPER/install/auto_vehicle/bin'
[23.589s] Level 1:colcon.colcon_core.environment:checking '/home/qndks11/HYPER/install/auto_vehicle/lib/pkgconfig/auto_vehicle.pc'
[23.589s] Level 1:colcon.colcon_core.environment:checking '/home/qndks11/HYPER/install/auto_vehicle/lib/python3.10/site-packages'
[23.590s] Level 1:colcon.colcon_core.environment:checking '/home/qndks11/HYPER/install/auto_vehicle/bin'
[23.590s] INFO:colcon.colcon_core.shell:Creating package script '/home/qndks11/HYPER/install/auto_vehicle/share/auto_vehicle/package.ps1'
[23.591s] INFO:colcon.colcon_core.shell:Creating package descriptor '/home/qndks11/HYPER/install/auto_vehicle/share/auto_vehicle/package.dsv'
[23.591s] INFO:colcon.colcon_core.shell:Creating package script '/home/qndks11/HYPER/install/auto_vehicle/share/auto_vehicle/package.sh'
[23.592s] INFO:colcon.colcon_core.shell:Creating package script '/home/qndks11/HYPER/install/auto_vehicle/share/auto_vehicle/package.bash'
[23.592s] INFO:colcon.colcon_core.shell:Creating package script '/home/qndks11/HYPER/install/auto_vehicle/share/auto_vehicle/package.zsh'
[23.592s] Level 1:colcon.colcon_core.environment:create_file_with_runtime_dependencies(/home/qndks11/HYPER/install/auto_vehicle/share/colcon-core/packages/auto_vehicle)
[23.593s] DEBUG:colcon.colcon_parallel_executor.executor.parallel:closing loop
[23.594s] DEBUG:colcon.colcon_parallel_executor.executor.parallel:loop closed
[23.594s] DEBUG:colcon.colcon_parallel_executor.executor.parallel:run_until_complete finished with '0'
[23.594s] DEBUG:colcon.colcon_core.event_reactor:joining thread
[23.663s] INFO:colcon.colcon_core.plugin_system:Skipping extension 'colcon_notification.desktop_notification.notify_send': Could not find 'notify-send'
[23.663s] INFO:colcon.colcon_core.plugin_system:Skipping extension 'colcon_notification.desktop_notification.terminal_notifier': Not used on non-Darwin systems
[23.663s] INFO:colcon.colcon_core.plugin_system:Skipping extension 'colcon_notification.desktop_notification.win32': Not used on non-Windows systems
[23.663s] INFO:colcon.colcon_notification.desktop_notification:Sending desktop notification using 'notify2'
[23.663s] DEBUG:colcon.colcon_notification.desktop_notification.notify2:Failed to initialize notify2: org.freedesktop.DBus.Error.FileNotFound: Failed to connect to socket /run/user/1000/bus: No such file or directory
[23.663s] DEBUG:colcon.colcon_core.event_reactor:joined thread
[23.664s] INFO:colcon.colcon_core.shell:Creating prefix script '/home/qndks11/HYPER/install/local_setup.ps1'
[23.665s] INFO:colcon.colcon_core.shell:Creating prefix util module '/home/qndks11/HYPER/install/_local_setup_util_ps1.py'
[23.667s] INFO:colcon.colcon_core.shell:Creating prefix chain script '/home/qndks11/HYPER/install/setup.ps1'
[23.669s] INFO:colcon.colcon_core.shell:Creating prefix script '/home/qndks11/HYPER/install/local_setup.sh'
[23.670s] INFO:colcon.colcon_core.shell:Creating prefix util module '/home/qndks11/HYPER/install/_local_setup_util_sh.py'
[23.671s] INFO:colcon.colcon_core.shell:Creating prefix chain script '/home/qndks11/HYPER/install/setup.sh'
[23.672s] INFO:colcon.colcon_core.shell:Creating prefix script '/home/qndks11/HYPER/install/local_setup.bash'
[23.673s] INFO:colcon.colcon_core.shell:Creating prefix chain script '/home/qndks11/HYPER/install/setup.bash'
[23.675s] INFO:colcon.colcon_core.shell:Creating prefix script '/home/qndks11/HYPER/install/local_setup.zsh'
[23.676s] INFO:colcon.colcon_core.shell:Creating prefix chain script '/home/qndks11/HYPER/install/setup.zsh'
