running egg_info
writing ../../build/simulation/simulation.egg-info/PKG-INFO
writing dependency_links to ../../build/simulation/simulation.egg-info/dependency_links.txt
writing entry points to ../../build/simulation/simulation.egg-info/entry_points.txt
writing requirements to ../../build/simulation/simulation.egg-info/requires.txt
writing top-level names to ../../build/simulation/simulation.egg-info/top_level.txt
reading manifest file '../../build/simulation/simulation.egg-info/SOURCES.txt'
writing manifest file '../../build/simulation/simulation.egg-info/SOURCES.txt'
running build
running build_py
copying simulation/__init__.py -> /home/qndks11/HYPER/build/simulation/build/lib/simulation
copying simulation/spawn_robot.py -> /home/qndks11/HYPER/build/simulation/build/lib/simulation
running install
running install_lib
running install_data
copying resource/simulation -> /home/qndks11/HYPER/install/simulation/share/ament_index/resource_index/packages
copying package.xml -> /home/qndks11/HYPER/install/simulation/share/simulation
copying launch/full_simulation.launch.py -> /home/qndks11/HYPER/install/simulation/share/simulation/launch
copying worlds/track.sdf -> /home/qndks11/HYPER/install/simulation/share/simulation/worlds
copying config/bridge.yaml -> /home/qndks11/HYPER/install/simulation/share/simulation/config
copying models/hyper.urdf.xacro -> /home/qndks11/HYPER/install/simulation/share/simulation/models
running install_egg_info
removing '/home/qndks11/HYPER/install/simulation/lib/python3.10/site-packages/simulation-0.0.0-py3.10.egg-info' (and everything under it)
Copying ../../build/simulation/simulation.egg-info to /home/qndks11/HYPER/install/simulation/lib/python3.10/site-packages/simulation-0.0.0-py3.10.egg-info
running install_scripts
Installing spawn_robot script to /home/qndks11/HYPER/install/simulation/lib/simulation
writing list of installed files to '/home/qndks11/HYPER/build/simulation/install.log'
