running egg_info
creating ../build/perception/perception.egg-info
writing ../build/perception/perception.egg-info/PKG-INFO
writing dependency_links to ../build/perception/perception.egg-info/dependency_links.txt
writing requirements to ../build/perception/perception.egg-info/requires.txt
writing top-level names to ../build/perception/perception.egg-info/top_level.txt
writing manifest file '../build/perception/perception.egg-info/SOURCES.txt'
reading manifest file '../build/perception/perception.egg-info/SOURCES.txt'
writing manifest file '../build/perception/perception.egg-info/SOURCES.txt'
running build
running build_py
creating /home/qndks11/HYPER/build/perception/build/lib/perception
copying perception/__init__.py -> /home/qndks11/HYPER/build/perception/build/lib/perception
running install
running install_lib
creating /home/qndks11/HYPER/install/perception/lib/python3.10/site-packages/perception
copying /home/qndks11/HYPER/build/perception/build/lib/perception/__init__.py -> /home/qndks11/HYPER/install/perception/lib/python3.10/site-packages/perception
byte-compiling /home/qndks11/HYPER/install/perception/lib/python3.10/site-packages/perception/__init__.py to __init__.cpython-310.pyc
running install_data
creating /home/qndks11/HYPER/install/perception/share/ament_index/resource_index/packages
copying resource/perception -> /home/qndks11/HYPER/install/perception/share/ament_index/resource_index/packages
copying package.xml -> /home/qndks11/HYPER/install/perception/share/perception
running install_egg_info
Copying ../build/perception/perception.egg-info to /home/qndks11/HYPER/install/perception/lib/python3.10/site-packages/perception-0.0.0-py3.10.egg-info
running install_scripts
writing list of installed files to '/home/qndks11/HYPER/build/perception/install.log'
