[1.406s] Invoking command in '/home/qndks11/HYPER/perception': PYTHONPATH=/home/qndks11/HYPER/build/perception/prefix_override:/usr/lib/python3/dist-packages/colcon_core/task/python/colcon_distutils_commands:/home/qndks11/HYPER/install/perception/lib/python3.10/site-packages:${PYTHONPATH} /usr/bin/python3 -W ignore:setup.py install is deprecated -W ignore:easy_install command is deprecated setup.py egg_info --egg-base ../build/perception build --build-base /home/qndks11/HYPER/build/perception/build install --record /home/qndks11/HYPER/build/perception/install.log --single-version-externally-managed install_data
[1.742s] running egg_info
[1.763s] creating ../build/perception/perception.egg-info
[1.763s] writing ../build/perception/perception.egg-info/PKG-INFO
[1.764s] writing dependency_links to ../build/perception/perception.egg-info/dependency_links.txt
[1.765s] writing requirements to ../build/perception/perception.egg-info/requires.txt
[1.765s] writing top-level names to ../build/perception/perception.egg-info/top_level.txt
[1.765s] writing manifest file '../build/perception/perception.egg-info/SOURCES.txt'
[1.808s] reading manifest file '../build/perception/perception.egg-info/SOURCES.txt'
[1.809s] writing manifest file '../build/perception/perception.egg-info/SOURCES.txt'
[1.809s] running build
[1.810s] running build_py
[1.810s] creating /home/qndks11/HYPER/build/perception/build/lib/perception
[1.811s] copying perception/__init__.py -> /home/qndks11/HYPER/build/perception/build/lib/perception
[1.812s] running install
[1.816s] running install_lib
[1.837s] creating /home/qndks11/HYPER/install/perception/lib/python3.10/site-packages/perception
[1.838s] copying /home/qndks11/HYPER/build/perception/build/lib/perception/__init__.py -> /home/qndks11/HYPER/install/perception/lib/python3.10/site-packages/perception
[1.838s] byte-compiling /home/qndks11/HYPER/install/perception/lib/python3.10/site-packages/perception/__init__.py to __init__.cpython-310.pyc
[1.839s] running install_data
[1.839s] creating /home/qndks11/HYPER/install/perception/share/ament_index/resource_index/packages
[1.841s] copying resource/perception -> /home/qndks11/HYPER/install/perception/share/ament_index/resource_index/packages
[1.841s] copying package.xml -> /home/qndks11/HYPER/install/perception/share/perception
[1.842s] running install_egg_info
[1.865s] Copying ../build/perception/perception.egg-info to /home/qndks11/HYPER/install/perception/lib/python3.10/site-packages/perception-0.0.0-py3.10.egg-info
[1.867s] running install_scripts
[2.025s] writing list of installed files to '/home/qndks11/HYPER/build/perception/install.log'
[2.058s] Invoked command in '/home/qndks11/HYPER/perception' returned '0': PYTHONPATH=/home/qndks11/HYPER/build/perception/prefix_override:/usr/lib/python3/dist-packages/colcon_core/task/python/colcon_distutils_commands:/home/qndks11/HYPER/install/perception/lib/python3.10/site-packages:${PYTHONPATH} /usr/bin/python3 -W ignore:setup.py install is deprecated -W ignore:easy_install command is deprecated setup.py egg_info --egg-base ../build/perception build --build-base /home/qndks11/HYPER/build/perception/build install --record /home/qndks11/HYPER/build/perception/install.log --single-version-externally-managed install_data
