[1.609s] Invoking command in '/home/qndks11/HYPER/src/perception': PYTHONPATH=/home/qndks11/HYPER/build/perception/prefix_override:/usr/lib/python3/dist-packages/colcon_core/task/python/colcon_distutils_commands:/home/qndks11/HYPER/install/perception/lib/python3.10/site-packages:${PYTHONPATH} /usr/bin/python3 -W ignore:setup.py install is deprecated -W ignore:easy_install command is deprecated setup.py egg_info --egg-base ../../build/perception build --build-base /home/qndks11/HYPER/build/perception/build install --record /home/qndks11/HYPER/build/perception/install.log --single-version-externally-managed install_data
[2.035s] running egg_info
[2.065s] writing ../../build/perception/perception.egg-info/PKG-INFO
[2.067s] writing dependency_links to ../../build/perception/perception.egg-info/dependency_links.txt
[2.067s] writing entry points to ../../build/perception/perception.egg-info/entry_points.txt
[2.067s] writing requirements to ../../build/perception/perception.egg-info/requires.txt
[2.068s] writing top-level names to ../../build/perception/perception.egg-info/top_level.txt
[2.134s] reading manifest file '../../build/perception/perception.egg-info/SOURCES.txt'
[2.138s] writing manifest file '../../build/perception/perception.egg-info/SOURCES.txt'
[2.138s] running build
[2.138s] running build_py
[2.140s] copying perception/lane_detector.py -> /home/qndks11/HYPER/build/perception/build/lib/perception
[2.140s] copying perception/sign_detector.py -> /home/qndks11/HYPER/build/perception/build/lib/perception
[2.140s] copying perception/__init__.py -> /home/qndks11/HYPER/build/perception/build/lib/perception
[2.141s] copying perception/camera_subscriber.py -> /home/qndks11/HYPER/build/perception/build/lib/perception
[2.141s] running install
[2.148s] running install_lib
[2.181s] copying /home/qndks11/HYPER/build/perception/build/lib/perception/lane_detector.py -> /home/qndks11/HYPER/install/perception/lib/python3.10/site-packages/perception
[2.181s] copying /home/qndks11/HYPER/build/perception/build/lib/perception/sign_detector.py -> /home/qndks11/HYPER/install/perception/lib/python3.10/site-packages/perception
[2.181s] copying /home/qndks11/HYPER/build/perception/build/lib/perception/camera_subscriber.py -> /home/qndks11/HYPER/install/perception/lib/python3.10/site-packages/perception
[2.183s] byte-compiling /home/qndks11/HYPER/install/perception/lib/python3.10/site-packages/perception/lane_detector.py to lane_detector.cpython-310.pyc
[2.185s] byte-compiling /home/qndks11/HYPER/install/perception/lib/python3.10/site-packages/perception/sign_detector.py to sign_detector.cpython-310.pyc
[2.186s] byte-compiling /home/qndks11/HYPER/install/perception/lib/python3.10/site-packages/perception/camera_subscriber.py to camera_subscriber.cpython-310.pyc
[2.190s] running install_data
[2.190s] copying resource/perception -> /home/qndks11/HYPER/install/perception/share/ament_index/resource_index/packages
[2.190s] copying package.xml -> /home/qndks11/HYPER/install/perception/share/perception
[2.191s] running install_egg_info
[2.219s] removing '/home/qndks11/HYPER/install/perception/lib/python3.10/site-packages/perception-0.0.0-py3.10.egg-info' (and everything under it)
[2.219s] Copying ../../build/perception/perception.egg-info to /home/qndks11/HYPER/install/perception/lib/python3.10/site-packages/perception-0.0.0-py3.10.egg-info
[2.222s] running install_scripts
[2.437s] Installing camera_subscriber script to /home/qndks11/HYPER/install/perception/lib/perception
[2.440s] Installing lane_detector script to /home/qndks11/HYPER/install/perception/lib/perception
[2.440s] Installing sign_detector script to /home/qndks11/HYPER/install/perception/lib/perception
[2.440s] writing list of installed files to '/home/qndks11/HYPER/build/perception/install.log'
[2.511s] Invoked command in '/home/qndks11/HYPER/src/perception' returned '0': PYTHONPATH=/home/qndks11/HYPER/build/perception/prefix_override:/usr/lib/python3/dist-packages/colcon_core/task/python/colcon_distutils_commands:/home/qndks11/HYPER/install/perception/lib/python3.10/site-packages:${PYTHONPATH} /usr/bin/python3 -W ignore:setup.py install is deprecated -W ignore:easy_install command is deprecated setup.py egg_info --egg-base ../../build/perception build --build-base /home/qndks11/HYPER/build/perception/build install --record /home/qndks11/HYPER/build/perception/install.log --single-version-externally-managed install_data
