[1.131s] Invoking command in '/home/qndks11/HYPER/src/perception': PYTHONPATH=/home/qndks11/HYPER/build/perception/prefix_override:/usr/lib/python3/dist-packages/colcon_core/task/python/colcon_distutils_commands:/home/qndks11/HYPER/install/perception/lib/python3.10/site-packages:${PYTHONPATH} /usr/bin/python3 -W ignore:setup.py install is deprecated -W ignore:easy_install command is deprecated setup.py egg_info --egg-base ../../build/perception build --build-base /home/qndks11/HYPER/build/perception/build install --record /home/qndks11/HYPER/build/perception/install.log --single-version-externally-managed install_data
[1.447s] running egg_info
[1.466s] writing ../../build/perception/perception.egg-info/PKG-INFO
[1.467s] writing dependency_links to ../../build/perception/perception.egg-info/dependency_links.txt
[1.467s] writing entry points to ../../build/perception/perception.egg-info/entry_points.txt
[1.467s] writing requirements to ../../build/perception/perception.egg-info/requires.txt
[1.468s] writing top-level names to ../../build/perception/perception.egg-info/top_level.txt
[1.509s] reading manifest file '../../build/perception/perception.egg-info/SOURCES.txt'
[1.511s] writing manifest file '../../build/perception/perception.egg-info/SOURCES.txt'
[1.511s] running build
[1.511s] running build_py
[1.512s] copying perception/lane_detector.py -> /home/qndks11/HYPER/build/perception/build/lib/perception
[1.512s] copying perception/sign_detector.py -> /home/qndks11/HYPER/build/perception/build/lib/perception
[1.512s] copying perception/__init__.py -> /home/qndks11/HYPER/build/perception/build/lib/perception
[1.512s] copying perception/camera_subscriber.py -> /home/qndks11/HYPER/build/perception/build/lib/perception
[1.513s] running install
[1.517s] running install_lib
[1.539s] running install_data
[1.539s] copying resource/perception -> /home/qndks11/HYPER/install/perception/share/ament_index/resource_index/packages
[1.539s] copying package.xml -> /home/qndks11/HYPER/install/perception/share/perception
[1.540s] running install_egg_info
[1.562s] removing '/home/qndks11/HYPER/install/perception/lib/python3.10/site-packages/perception-0.0.0-py3.10.egg-info' (and everything under it)
[1.562s] Copying ../../build/perception/perception.egg-info to /home/qndks11/HYPER/install/perception/lib/python3.10/site-packages/perception-0.0.0-py3.10.egg-info
[1.565s] running install_scripts
[1.720s] Installing camera_subscriber script to /home/qndks11/HYPER/install/perception/lib/perception
[1.720s] Installing lane_detector script to /home/qndks11/HYPER/install/perception/lib/perception
[1.720s] Installing sign_detector script to /home/qndks11/HYPER/install/perception/lib/perception
[1.721s] writing list of installed files to '/home/qndks11/HYPER/build/perception/install.log'
[1.752s] Invoked command in '/home/qndks11/HYPER/src/perception' returned '0': PYTHONPATH=/home/qndks11/HYPER/build/perception/prefix_override:/usr/lib/python3/dist-packages/colcon_core/task/python/colcon_distutils_commands:/home/qndks11/HYPER/install/perception/lib/python3.10/site-packages:${PYTHONPATH} /usr/bin/python3 -W ignore:setup.py install is deprecated -W ignore:easy_install command is deprecated setup.py egg_info --egg-base ../../build/perception build --build-base /home/qndks11/HYPER/build/perception/build install --record /home/qndks11/HYPER/build/perception/install.log --single-version-externally-managed install_data
