running egg_info
creating ../../build/simulation/simulation.egg-info
writing ../../build/simulation/simulation.egg-info/PKG-INFO
writing dependency_links to ../../build/simulation/simulation.egg-info/dependency_links.txt
writing entry points to ../../build/simulation/simulation.egg-info/entry_points.txt
writing requirements to ../../build/simulation/simulation.egg-info/requires.txt
writing top-level names to ../../build/simulation/simulation.egg-info/top_level.txt
writing manifest file '../../build/simulation/simulation.egg-info/SOURCES.txt'
reading manifest file '../../build/simulation/simulation.egg-info/SOURCES.txt'
writing manifest file '../../build/simulation/simulation.egg-info/SOURCES.txt'
running build
running build_py
creating /home/qndks11/HYPER/build/simulation/build/lib/simulation
copying simulation/__init__.py -> /home/qndks11/HYPER/build/simulation/build/lib/simulation
copying simulation/spawn_robot.py -> /home/qndks11/HYPER/build/simulation/build/lib/simulation
running install
running install_lib
creating /home/qndks11/HYPER/install/simulation/lib/python3.10/site-packages/simulation
copying /home/qndks11/HYPER/build/simulation/build/lib/simulation/__init__.py -> /home/qndks11/HYPER/install/simulation/lib/python3.10/site-packages/simulation
copying /home/qndks11/HYPER/build/simulation/build/lib/simulation/spawn_robot.py -> /home/qndks11/HYPER/install/simulation/lib/python3.10/site-packages/simulation
byte-compiling /home/qndks11/HYPER/install/simulation/lib/python3.10/site-packages/simulation/__init__.py to __init__.cpython-310.pyc
byte-compiling /home/qndks11/HYPER/install/simulation/lib/python3.10/site-packages/simulation/spawn_robot.py to spawn_robot.cpython-310.pyc
running install_data
creating /home/qndks11/HYPER/install/simulation/share/ament_index/resource_index/packages
copying resource/simulation -> /home/qndks11/HYPER/install/simulation/share/ament_index/resource_index/packages
copying package.xml -> /home/qndks11/HYPER/install/simulation/share/simulation
creating /home/qndks11/HYPER/install/simulation/share/simulation/launch
copying launch/full_simulation.launch.py -> /home/qndks11/HYPER/install/simulation/share/simulation/launch
creating /home/qndks11/HYPER/install/simulation/share/simulation/worlds
copying worlds/track.sdf -> /home/qndks11/HYPER/install/simulation/share/simulation/worlds
creating /home/qndks11/HYPER/install/simulation/share/simulation/config
copying config/bridge.yaml -> /home/qndks11/HYPER/install/simulation/share/simulation/config
creating /home/qndks11/HYPER/install/simulation/share/simulation/models
copying models/hyper.urdf.xacro -> /home/qndks11/HYPER/install/simulation/share/simulation/models
running install_egg_info
Copying ../../build/simulation/simulation.egg-info to /home/qndks11/HYPER/install/simulation/lib/python3.10/site-packages/simulation-0.0.0-py3.10.egg-info
running install_scripts
Installing spawn_robot script to /home/qndks11/HYPER/install/simulation/lib/simulation
writing list of installed files to '/home/qndks11/HYPER/build/simulation/install.log'
