[1.134s] Invoking command in '/home/qndks11/HYPER/src/simulation': PYTHONPATH=/home/qndks11/HYPER/build/simulation/prefix_override:/usr/lib/python3/dist-packages/colcon_core/task/python/colcon_distutils_commands:/home/qndks11/HYPER/install/simulation/lib/python3.10/site-packages:${PYTHONPATH} /usr/bin/python3 -W ignore:setup.py install is deprecated -W ignore:easy_install command is deprecated setup.py egg_info --egg-base ../../build/simulation build --build-base /home/qndks11/HYPER/build/simulation/build install --record /home/qndks11/HYPER/build/simulation/install.log --single-version-externally-managed install_data
[1.446s] running egg_info
[1.465s] writing ../../build/simulation/simulation.egg-info/PKG-INFO
[1.466s] writing dependency_links to ../../build/simulation/simulation.egg-info/dependency_links.txt
[1.466s] writing entry points to ../../build/simulation/simulation.egg-info/entry_points.txt
[1.467s] writing requirements to ../../build/simulation/simulation.egg-info/requires.txt
[1.467s] writing top-level names to ../../build/simulation/simulation.egg-info/top_level.txt
[1.509s] reading manifest file '../../build/simulation/simulation.egg-info/SOURCES.txt'
[1.511s] writing manifest file '../../build/simulation/simulation.egg-info/SOURCES.txt'
[1.511s] running build
[1.511s] running build_py
[1.511s] copying simulation/__init__.py -> /home/qndks11/HYPER/build/simulation/build/lib/simulation
[1.511s] copying simulation/spawn_robot.py -> /home/qndks11/HYPER/build/simulation/build/lib/simulation
[1.512s] running install
[1.516s] running install_lib
[1.537s] running install_data
[1.538s] copying resource/simulation -> /home/qndks11/HYPER/install/simulation/share/ament_index/resource_index/packages
[1.538s] copying package.xml -> /home/qndks11/HYPER/install/simulation/share/simulation
[1.538s] copying launch/full_simulation.launch.py -> /home/qndks11/HYPER/install/simulation/share/simulation/launch
[1.538s] copying worlds/track.sdf -> /home/qndks11/HYPER/install/simulation/share/simulation/worlds
[1.539s] copying config/bridge.yaml -> /home/qndks11/HYPER/install/simulation/share/simulation/config
[1.539s] copying models/hyper.urdf.xacro -> /home/qndks11/HYPER/install/simulation/share/simulation/models
[1.539s] running install_egg_info
[1.561s] removing '/home/qndks11/HYPER/install/simulation/lib/python3.10/site-packages/simulation-0.0.0-py3.10.egg-info' (and everything under it)
[1.561s] Copying ../../build/simulation/simulation.egg-info to /home/qndks11/HYPER/install/simulation/lib/python3.10/site-packages/simulation-0.0.0-py3.10.egg-info
[1.563s] running install_scripts
[1.717s] Installing spawn_robot script to /home/qndks11/HYPER/install/simulation/lib/simulation
[1.718s] writing list of installed files to '/home/qndks11/HYPER/build/simulation/install.log'
[1.759s] Invoked command in '/home/qndks11/HYPER/src/simulation' returned '0': PYTHONPATH=/home/qndks11/HYPER/build/simulation/prefix_override:/usr/lib/python3/dist-packages/colcon_core/task/python/colcon_distutils_commands:/home/qndks11/HYPER/install/simulation/lib/python3.10/site-packages:${PYTHONPATH} /usr/bin/python3 -W ignore:setup.py install is deprecated -W ignore:easy_install command is deprecated setup.py egg_info --egg-base ../../build/simulation build --build-base /home/qndks11/HYPER/build/simulation/build install --record /home/qndks11/HYPER/build/simulation/install.log --single-version-externally-managed install_data
