[0.323s] DEBUG:colcon:Command line arguments: ['/usr/bin/colcon', 'build']
[0.324s] DEBUG:colcon:Parsed command line arguments: Namespace(log_base=None, log_level=None, verb_name='build', build_base='build', install_base='install', merge_install=False, symlink_install=False, test_result_base=None, continue_on_error=False, executor='parallel', parallel_workers=12, event_handlers=None, ignore_user_meta=False, metas=['./colcon.meta'], base_paths=['.'], packages_ignore=None, packages_ignore_regex=None, paths=None, packages_up_to=None, packages_up_to_regex=None, packages_above=None, packages_above_and_dependencies=None, packages_above_depth=None, packages_select_by_dep=None, packages_skip_by_dep=None, packages_skip_up_to=None, packages_select_build_failed=False, packages_skip_build_finished=False, packages_select_test_failures=False, packages_skip_test_passed=False, packages_select=None, packages_skip=None, packages_select_regex=None, packages_skip_regex=None, packages_start=None, packages_end=None, allow_overriding=[], cmake_args=None, cmake_target=None, cmake_target_skip_unavailable=False, cmake_clean_cache=False, cmake_clean_first=False, cmake_force_configure=False, ament_cmake_args=None, catkin_cmake_args=None, catkin_skip_building_tests=False, mixin_files=None, mixin=None, verb_parser=<colcon_mixin.mixin.mixin_argument.MixinArgumentDecorator object at 0x7e8b20090c10>, verb_extension=<colcon_core.verb.build.BuildVerb object at 0x7e8b200905e0>, main=<bound method BuildVerb.main of <colcon_core.verb.build.BuildVerb object at 0x7e8b200905e0>>, mixin_verb=('build',))
[0.384s] Level 1:colcon.colcon_core.package_discovery:discover_packages(colcon_meta) check parameters
[0.384s] Level 1:colcon.colcon_core.package_discovery:discover_packages(recursive) check parameters
[0.384s] Level 1:colcon.colcon_core.package_discovery:discover_packages(ignore) check parameters
[0.384s] Level 1:colcon.colcon_core.package_discovery:discover_packages(path) check parameters
[0.384s] Level 1:colcon.colcon_core.package_discovery:discover_packages(colcon_meta) discover
[0.384s] Level 1:colcon.colcon_core.package_discovery:discover_packages(recursive) discover
[0.384s] INFO:colcon.colcon_core.package_discovery:Crawling recursively for packages in '/home/qndks11/HYPER'
[0.385s] Level 1:colcon.colcon_core.package_identification:_identify(.) by extensions ['ignore', 'ignore_ament_install']
[0.385s] Level 1:colcon.colcon_core.package_identification:_identify(.) by extension 'ignore'
[0.385s] Level 1:colcon.colcon_core.package_identification:_identify(.) by extension 'ignore_ament_install'
[0.385s] Level 1:colcon.colcon_core.package_identification:_identify(.) by extensions ['colcon_pkg']
[0.385s] Level 1:colcon.colcon_core.package_identification:_identify(.) by extension 'colcon_pkg'
[0.385s] Level 1:colcon.colcon_core.package_identification:_identify(.) by extensions ['colcon_meta']
[0.385s] Level 1:colcon.colcon_core.package_identification:_identify(.) by extension 'colcon_meta'
[0.385s] Level 1:colcon.colcon_core.package_identification:_identify(.) by extensions ['ros']
[0.385s] Level 1:colcon.colcon_core.package_identification:_identify(.) by extension 'ros'
[0.429s] Level 1:colcon.colcon_core.package_identification:_identify(.) by extensions ['cmake', 'python']
[0.429s] Level 1:colcon.colcon_core.package_identification:_identify(.) by extension 'cmake'
[0.429s] Level 1:colcon.colcon_core.package_identification:_identify(.) by extension 'python'
[0.429s] Level 1:colcon.colcon_core.package_identification:_identify(.) by extensions ['python_setup_py']
[0.430s] Level 1:colcon.colcon_core.package_identification:_identify(.) by extension 'python_setup_py'
[0.430s] Level 1:colcon.colcon_core.package_identification:_identify(build) by extensions ['ignore', 'ignore_ament_install']
[0.430s] Level 1:colcon.colcon_core.package_identification:_identify(build) by extension 'ignore'
[0.430s] Level 1:colcon.colcon_core.package_identification:_identify(build) ignored
[0.430s] Level 1:colcon.colcon_core.package_identification:_identify(docs) by extensions ['ignore', 'ignore_ament_install']
[0.430s] Level 1:colcon.colcon_core.package_identification:_identify(docs) by extension 'ignore'
[0.430s] Level 1:colcon.colcon_core.package_identification:_identify(docs) by extension 'ignore_ament_install'
[0.431s] Level 1:colcon.colcon_core.package_identification:_identify(docs) by extensions ['colcon_pkg']
[0.431s] Level 1:colcon.colcon_core.package_identification:_identify(docs) by extension 'colcon_pkg'
[0.431s] Level 1:colcon.colcon_core.package_identification:_identify(docs) by extensions ['colcon_meta']
[0.431s] Level 1:colcon.colcon_core.package_identification:_identify(docs) by extension 'colcon_meta'
[0.431s] Level 1:colcon.colcon_core.package_identification:_identify(docs) by extensions ['ros']
[0.431s] Level 1:colcon.colcon_core.package_identification:_identify(docs) by extension 'ros'
[0.431s] Level 1:colcon.colcon_core.package_identification:_identify(docs) by extensions ['cmake', 'python']
[0.431s] Level 1:colcon.colcon_core.package_identification:_identify(docs) by extension 'cmake'
[0.431s] Level 1:colcon.colcon_core.package_identification:_identify(docs) by extension 'python'
[0.431s] Level 1:colcon.colcon_core.package_identification:_identify(docs) by extensions ['python_setup_py']
[0.431s] Level 1:colcon.colcon_core.package_identification:_identify(docs) by extension 'python_setup_py'
[0.432s] Level 1:colcon.colcon_core.package_identification:_identify(install) by extensions ['ignore', 'ignore_ament_install']
[0.432s] Level 1:colcon.colcon_core.package_identification:_identify(install) by extension 'ignore'
[0.432s] Level 1:colcon.colcon_core.package_identification:_identify(install) ignored
[0.432s] Level 1:colcon.colcon_core.package_identification:_identify(log) by extensions ['ignore', 'ignore_ament_install']
[0.432s] Level 1:colcon.colcon_core.package_identification:_identify(log) by extension 'ignore'
[0.432s] Level 1:colcon.colcon_core.package_identification:_identify(log) ignored
[0.432s] Level 1:colcon.colcon_core.package_identification:_identify(src) by extensions ['ignore', 'ignore_ament_install']
[0.433s] Level 1:colcon.colcon_core.package_identification:_identify(src) by extension 'ignore'
[0.433s] Level 1:colcon.colcon_core.package_identification:_identify(src) by extension 'ignore_ament_install'
[0.433s] Level 1:colcon.colcon_core.package_identification:_identify(src) by extensions ['colcon_pkg']
[0.433s] Level 1:colcon.colcon_core.package_identification:_identify(src) by extension 'colcon_pkg'
[0.433s] Level 1:colcon.colcon_core.package_identification:_identify(src) by extensions ['colcon_meta']
[0.433s] Level 1:colcon.colcon_core.package_identification:_identify(src) by extension 'colcon_meta'
[0.433s] Level 1:colcon.colcon_core.package_identification:_identify(src) by extensions ['ros']
[0.433s] Level 1:colcon.colcon_core.package_identification:_identify(src) by extension 'ros'
[0.433s] Level 1:colcon.colcon_core.package_identification:_identify(src) by extensions ['cmake', 'python']
[0.433s] Level 1:colcon.colcon_core.package_identification:_identify(src) by extension 'cmake'
[0.433s] Level 1:colcon.colcon_core.package_identification:_identify(src) by extension 'python'
[0.434s] Level 1:colcon.colcon_core.package_identification:_identify(src) by extensions ['python_setup_py']
[0.434s] Level 1:colcon.colcon_core.package_identification:_identify(src) by extension 'python_setup_py'
[0.434s] Level 1:colcon.colcon_core.package_identification:_identify(src/auto_vehicle) by extensions ['ignore', 'ignore_ament_install']
[0.434s] Level 1:colcon.colcon_core.package_identification:_identify(src/auto_vehicle) by extension 'ignore'
[0.434s] Level 1:colcon.colcon_core.package_identification:_identify(src/auto_vehicle) by extension 'ignore_ament_install'
[0.434s] Level 1:colcon.colcon_core.package_identification:_identify(src/auto_vehicle) by extensions ['colcon_pkg']
[0.434s] Level 1:colcon.colcon_core.package_identification:_identify(src/auto_vehicle) by extension 'colcon_pkg'
[0.434s] Level 1:colcon.colcon_core.package_identification:_identify(src/auto_vehicle) by extensions ['colcon_meta']
[0.434s] Level 1:colcon.colcon_core.package_identification:_identify(src/auto_vehicle) by extension 'colcon_meta'
[0.434s] Level 1:colcon.colcon_core.package_identification:_identify(src/auto_vehicle) by extensions ['ros']
[0.434s] Level 1:colcon.colcon_core.package_identification:_identify(src/auto_vehicle) by extension 'ros'
[0.438s] DEBUG:colcon.colcon_core.package_identification:Package 'src/auto_vehicle' with type 'ros.ament_cmake' and name 'auto_vehicle'
[0.439s] Level 1:colcon.colcon_core.package_identification:_identify(src/perception) by extensions ['ignore', 'ignore_ament_install']
[0.439s] Level 1:colcon.colcon_core.package_identification:_identify(src/perception) by extension 'ignore'
[0.439s] Level 1:colcon.colcon_core.package_identification:_identify(src/perception) by extension 'ignore_ament_install'
[0.439s] Level 1:colcon.colcon_core.package_identification:_identify(src/perception) by extensions ['colcon_pkg']
[0.439s] Level 1:colcon.colcon_core.package_identification:_identify(src/perception) by extension 'colcon_pkg'
[0.439s] Level 1:colcon.colcon_core.package_identification:_identify(src/perception) by extensions ['colcon_meta']
[0.439s] Level 1:colcon.colcon_core.package_identification:_identify(src/perception) by extension 'colcon_meta'
[0.440s] Level 1:colcon.colcon_core.package_identification:_identify(src/perception) by extensions ['ros']
[0.440s] Level 1:colcon.colcon_core.package_identification:_identify(src/perception) by extension 'ros'
[0.441s] DEBUG:colcon.colcon_core.package_identification:Package 'src/perception' with type 'ros.ament_python' and name 'perception'
[0.442s] Level 1:colcon.colcon_core.package_identification:_identify(src/simulation) by extensions ['ignore', 'ignore_ament_install']
[0.442s] Level 1:colcon.colcon_core.package_identification:_identify(src/simulation) by extension 'ignore'
[0.442s] Level 1:colcon.colcon_core.package_identification:_identify(src/simulation) by extension 'ignore_ament_install'
[0.442s] Level 1:colcon.colcon_core.package_identification:_identify(src/simulation) by extensions ['colcon_pkg']
[0.442s] Level 1:colcon.colcon_core.package_identification:_identify(src/simulation) by extension 'colcon_pkg'
[0.442s] Level 1:colcon.colcon_core.package_identification:_identify(src/simulation) by extensions ['colcon_meta']
[0.443s] Level 1:colcon.colcon_core.package_identification:_identify(src/simulation) by extension 'colcon_meta'
[0.443s] Level 1:colcon.colcon_core.package_identification:_identify(src/simulation) by extensions ['ros']
[0.443s] Level 1:colcon.colcon_core.package_identification:_identify(src/simulation) by extension 'ros'
[0.445s] DEBUG:colcon.colcon_core.package_identification:Package 'src/simulation' with type 'ros.ament_python' and name 'simulation'
[0.445s] Level 1:colcon.colcon_core.package_discovery:discover_packages(recursive) using defaults
[0.445s] Level 1:colcon.colcon_core.package_discovery:discover_packages(ignore) discover
[0.445s] Level 1:colcon.colcon_core.package_discovery:discover_packages(ignore) using defaults
[0.445s] Level 1:colcon.colcon_core.package_discovery:discover_packages(path) discover
[0.445s] Level 1:colcon.colcon_core.package_discovery:discover_packages(path) using defaults
[0.474s] Level 1:colcon.colcon_core.package_discovery:discover_packages(prefix_path) check parameters
[0.474s] Level 1:colcon.colcon_core.package_discovery:discover_packages(prefix_path) discover
[0.476s] DEBUG:colcon.colcon_installed_package_information.package_discovery:Found 3 installed packages in /home/qndks11/HYPER/install
[0.477s] DEBUG:colcon.colcon_installed_package_information.package_discovery:Found 3 installed packages in /home/qndks11/ros2_ws/install
[0.479s] DEBUG:colcon.colcon_installed_package_information.package_discovery:Found 288 installed packages in /opt/ros/humble
[0.481s] Level 1:colcon.colcon_core.package_discovery:discover_packages(prefix_path) using defaults
[0.552s] Level 5:colcon.colcon_core.verb:set package 'auto_vehicle' build argument 'cmake_args' from command line to 'None'
[0.552s] Level 5:colcon.colcon_core.verb:set package 'auto_vehicle' build argument 'cmake_target' from command line to 'None'
[0.552s] Level 5:colcon.colcon_core.verb:set package 'auto_vehicle' build argument 'cmake_target_skip_unavailable' from command line to 'False'
[0.552s] Level 5:colcon.colcon_core.verb:set package 'auto_vehicle' build argument 'cmake_clean_cache' from command line to 'False'
[0.552s] Level 5:colcon.colcon_core.verb:set package 'auto_vehicle' build argument 'cmake_clean_first' from command line to 'False'
[0.552s] Level 5:colcon.colcon_core.verb:set package 'auto_vehicle' build argument 'cmake_force_configure' from command line to 'False'
[0.553s] Level 5:colcon.colcon_core.verb:set package 'auto_vehicle' build argument 'ament_cmake_args' from command line to 'None'
[0.553s] Level 5:colcon.colcon_core.verb:set package 'auto_vehicle' build argument 'catkin_cmake_args' from command line to 'None'
[0.553s] Level 5:colcon.colcon_core.verb:set package 'auto_vehicle' build argument 'catkin_skip_building_tests' from command line to 'False'
[0.553s] DEBUG:colcon.colcon_core.verb:Building package 'auto_vehicle' with the following arguments: {'ament_cmake_args': None, 'build_base': '/home/qndks11/HYPER/build/auto_vehicle', 'catkin_cmake_args': None, 'catkin_skip_building_tests': False, 'cmake_args': None, 'cmake_clean_cache': False, 'cmake_clean_first': False, 'cmake_force_configure': False, 'cmake_target': None, 'cmake_target_skip_unavailable': False, 'install_base': '/home/qndks11/HYPER/install/auto_vehicle', 'merge_install': False, 'path': '/home/qndks11/HYPER/src/auto_vehicle', 'symlink_install': False, 'test_result_base': None}
[0.553s] Level 5:colcon.colcon_core.verb:set package 'perception' build argument 'cmake_args' from command line to 'None'
[0.554s] Level 5:colcon.colcon_core.verb:set package 'perception' build argument 'cmake_target' from command line to 'None'
[0.554s] Level 5:colcon.colcon_core.verb:set package 'perception' build argument 'cmake_target_skip_unavailable' from command line to 'False'
[0.554s] Level 5:colcon.colcon_core.verb:set package 'perception' build argument 'cmake_clean_cache' from command line to 'False'
[0.554s] Level 5:colcon.colcon_core.verb:set package 'perception' build argument 'cmake_clean_first' from command line to 'False'
[0.554s] Level 5:colcon.colcon_core.verb:set package 'perception' build argument 'cmake_force_configure' from command line to 'False'
[0.554s] Level 5:colcon.colcon_core.verb:set package 'perception' build argument 'ament_cmake_args' from command line to 'None'
[0.554s] Level 5:colcon.colcon_core.verb:set package 'perception' build argument 'catkin_cmake_args' from command line to 'None'
[0.554s] Level 5:colcon.colcon_core.verb:set package 'perception' build argument 'catkin_skip_building_tests' from command line to 'False'
[0.554s] DEBUG:colcon.colcon_core.verb:Building package 'perception' with the following arguments: {'ament_cmake_args': None, 'build_base': '/home/qndks11/HYPER/build/perception', 'catkin_cmake_args': None, 'catkin_skip_building_tests': False, 'cmake_args': None, 'cmake_clean_cache': False, 'cmake_clean_first': False, 'cmake_force_configure': False, 'cmake_target': None, 'cmake_target_skip_unavailable': False, 'install_base': '/home/qndks11/HYPER/install/perception', 'merge_install': False, 'path': '/home/qndks11/HYPER/src/perception', 'symlink_install': False, 'test_result_base': None}
[0.554s] Level 5:colcon.colcon_core.verb:set package 'simulation' build argument 'cmake_args' from command line to 'None'
[0.554s] Level 5:colcon.colcon_core.verb:set package 'simulation' build argument 'cmake_target' from command line to 'None'
[0.554s] Level 5:colcon.colcon_core.verb:set package 'simulation' build argument 'cmake_target_skip_unavailable' from command line to 'False'
[0.555s] Level 5:colcon.colcon_core.verb:set package 'simulation' build argument 'cmake_clean_cache' from command line to 'False'
[0.555s] Level 5:colcon.colcon_core.verb:set package 'simulation' build argument 'cmake_clean_first' from command line to 'False'
[0.555s] Level 5:colcon.colcon_core.verb:set package 'simulation' build argument 'cmake_force_configure' from command line to 'False'
[0.555s] Level 5:colcon.colcon_core.verb:set package 'simulation' build argument 'ament_cmake_args' from command line to 'None'
[0.555s] Level 5:colcon.colcon_core.verb:set package 'simulation' build argument 'catkin_cmake_args' from command line to 'None'
[0.555s] Level 5:colcon.colcon_core.verb:set package 'simulation' build argument 'catkin_skip_building_tests' from command line to 'False'
[0.555s] DEBUG:colcon.colcon_core.verb:Building package 'simulation' with the following arguments: {'ament_cmake_args': None, 'build_base': '/home/qndks11/HYPER/build/simulation', 'catkin_cmake_args': None, 'catkin_skip_building_tests': False, 'cmake_args': None, 'cmake_clean_cache': False, 'cmake_clean_first': False, 'cmake_force_configure': False, 'cmake_target': None, 'cmake_target_skip_unavailable': False, 'install_base': '/home/qndks11/HYPER/install/simulation', 'merge_install': False, 'path': '/home/qndks11/HYPER/src/simulation', 'symlink_install': False, 'test_result_base': None}
[0.555s] INFO:colcon.colcon_core.executor:Executing jobs using 'parallel' executor
[0.556s] DEBUG:colcon.colcon_parallel_executor.executor.parallel:run_until_complete
[0.557s] INFO:colcon.colcon_ros.task.ament_cmake.build:Building ROS package in '/home/qndks11/HYPER/src/auto_vehicle' with build type 'ament_cmake'
[0.557s] INFO:colcon.colcon_cmake.task.cmake.build:Building CMake package in '/home/qndks11/HYPER/src/auto_vehicle'
[0.562s] INFO:colcon.colcon_core.plugin_system:Skipping extension 'colcon_core.shell.bat': Not used on non-Windows systems
[0.562s] INFO:colcon.colcon_core.shell:Skip shell extension 'powershell' for command environment: Not usable outside of PowerShell
[0.562s] DEBUG:colcon.colcon_core.shell:Skip shell extension 'dsv' for command environment
[0.570s] INFO:colcon.colcon_ros.task.ament_python.build:Building ROS package in '/home/qndks11/HYPER/src/perception' with build type 'ament_python'
[0.571s] Level 1:colcon.colcon_core.shell:create_environment_hook('perception', 'ament_prefix_path')
[0.571s] INFO:colcon.colcon_core.shell:Creating environment hook '/home/qndks11/HYPER/install/perception/share/perception/hook/ament_prefix_path.ps1'
[0.572s] INFO:colcon.colcon_core.shell:Creating environment descriptor '/home/qndks11/HYPER/install/perception/share/perception/hook/ament_prefix_path.dsv'
[0.573s] INFO:colcon.colcon_core.shell:Creating environment hook '/home/qndks11/HYPER/install/perception/share/perception/hook/ament_prefix_path.sh'
[0.575s] INFO:colcon.colcon_core.shell:Skip shell extension 'powershell' for command environment: Not usable outside of PowerShell
[0.575s] DEBUG:colcon.colcon_core.shell:Skip shell extension 'dsv' for command environment
[0.580s] INFO:colcon.colcon_ros.task.ament_python.build:Building ROS package in '/home/qndks11/HYPER/src/simulation' with build type 'ament_python'
[0.580s] Level 1:colcon.colcon_core.shell:create_environment_hook('simulation', 'ament_prefix_path')
[0.581s] INFO:colcon.colcon_core.shell:Creating environment hook '/home/qndks11/HYPER/install/simulation/share/simulation/hook/ament_prefix_path.ps1'
[0.582s] INFO:colcon.colcon_core.shell:Creating environment descriptor '/home/qndks11/HYPER/install/simulation/share/simulation/hook/ament_prefix_path.dsv'
[0.583s] INFO:colcon.colcon_core.shell:Creating environment hook '/home/qndks11/HYPER/install/simulation/share/simulation/hook/ament_prefix_path.sh'
[0.583s] INFO:colcon.colcon_core.shell:Skip shell extension 'powershell' for command environment: Not usable outside of PowerShell
[0.583s] DEBUG:colcon.colcon_core.shell:Skip shell extension 'dsv' for command environment
[0.598s] DEBUG:colcon.colcon_core.event_handler.log_command:Invoking command in '/home/qndks11/HYPER/build/auto_vehicle': CMAKE_PREFIX_PATH=${CMAKE_PREFIX_PATH}:/home/qndks11/HYPER/install/simulation:/home/qndks11/HYPER/install/perception:/home/qndks11/ros2_ws/install/offboard_pkg:/opt/ros/humble /usr/bin/cmake --build /home/qndks11/HYPER/build/auto_vehicle -- -j12 -l12
[0.930s] INFO:colcon.colcon_core.task.python.build:Building Python package in '/home/qndks11/HYPER/src/perception'
[0.930s] INFO:colcon.colcon_core.shell:Skip shell extension 'powershell' for command environment: Not usable outside of PowerShell
[0.930s] DEBUG:colcon.colcon_core.shell:Skip shell extension 'dsv' for command environment
[1.307s] INFO:colcon.colcon_core.task.python.build:Building Python package in '/home/qndks11/HYPER/src/simulation'
[1.308s] INFO:colcon.colcon_core.shell:Skip shell extension 'powershell' for command environment: Not usable outside of PowerShell
[1.308s] DEBUG:colcon.colcon_core.shell:Skip shell extension 'dsv' for command environment
[2.190s] DEBUG:colcon.colcon_core.event_handler.log_command:Invoking command in '/home/qndks11/HYPER/src/perception': PYTHONPATH=/home/qndks11/HYPER/build/perception/prefix_override:/usr/lib/python3/dist-packages/colcon_core/task/python/colcon_distutils_commands:/home/qndks11/HYPER/install/perception/lib/python3.10/site-packages:${PYTHONPATH} /usr/bin/python3 -W ignore:setup.py install is deprecated -W ignore:easy_install command is deprecated setup.py egg_info --egg-base ../../build/perception build --build-base /home/qndks11/HYPER/build/perception/build install --record /home/qndks11/HYPER/build/perception/install.log --single-version-externally-managed install_data
[2.196s] DEBUG:colcon.colcon_core.event_handler.log_command:Invoking command in '/home/qndks11/HYPER/src/simulation': PYTHONPATH=/home/qndks11/HYPER/build/simulation/prefix_override:/usr/lib/python3/dist-packages/colcon_core/task/python/colcon_distutils_commands:/home/qndks11/HYPER/install/simulation/lib/python3.10/site-packages:${PYTHONPATH} /usr/bin/python3 -W ignore:setup.py install is deprecated -W ignore:easy_install command is deprecated setup.py egg_info --egg-base ../../build/simulation build --build-base /home/qndks11/HYPER/build/simulation/build install --record /home/qndks11/HYPER/build/simulation/install.log --single-version-externally-managed install_data
[3.107s] DEBUG:colcon.colcon_core.event_handler.log_command:Invoked command in '/home/qndks11/HYPER/src/perception' returned '0': PYTHONPATH=/home/qndks11/HYPER/build/perception/prefix_override:/usr/lib/python3/dist-packages/colcon_core/task/python/colcon_distutils_commands:/home/qndks11/HYPER/install/perception/lib/python3.10/site-packages:${PYTHONPATH} /usr/bin/python3 -W ignore:setup.py install is deprecated -W ignore:easy_install command is deprecated setup.py egg_info --egg-base ../../build/perception build --build-base /home/qndks11/HYPER/build/perception/build install --record /home/qndks11/HYPER/build/perception/install.log --single-version-externally-managed install_data
[3.111s] Level 1:colcon.colcon_core.environment:checking '/home/qndks11/HYPER/install/perception' for CMake module files
[3.112s] Level 1:colcon.colcon_core.environment:checking '/home/qndks11/HYPER/install/perception' for CMake config files
[3.113s] Level 1:colcon.colcon_core.environment:checking '/home/qndks11/HYPER/install/perception/lib'
[3.113s] Level 1:colcon.colcon_core.environment:checking '/home/qndks11/HYPER/install/perception/bin'
[3.113s] Level 1:colcon.colcon_core.environment:checking '/home/qndks11/HYPER/install/perception/lib/pkgconfig/perception.pc'
[3.114s] Level 1:colcon.colcon_core.environment:checking '/home/qndks11/HYPER/install/perception/lib/python3.10/site-packages'
[3.114s] Level 1:colcon.colcon_core.shell:create_environment_hook('perception', 'pythonpath')
[3.114s] INFO:colcon.colcon_core.shell:Creating environment hook '/home/qndks11/HYPER/install/perception/share/perception/hook/pythonpath.ps1'
[3.115s] INFO:colcon.colcon_core.shell:Creating environment descriptor '/home/qndks11/HYPER/install/perception/share/perception/hook/pythonpath.dsv'
[3.115s] INFO:colcon.colcon_core.shell:Creating environment hook '/home/qndks11/HYPER/install/perception/share/perception/hook/pythonpath.sh'
[3.116s] Level 1:colcon.colcon_core.environment:checking '/home/qndks11/HYPER/install/perception/bin'
[3.116s] Level 1:colcon.colcon_core.environment:create_environment_scripts_only(perception)
[3.117s] INFO:colcon.colcon_core.shell:Creating package script '/home/qndks11/HYPER/install/perception/share/perception/package.ps1'
[3.118s] INFO:colcon.colcon_core.shell:Creating package descriptor '/home/qndks11/HYPER/install/perception/share/perception/package.dsv'
[3.119s] INFO:colcon.colcon_core.shell:Creating package script '/home/qndks11/HYPER/install/perception/share/perception/package.sh'
[3.121s] INFO:colcon.colcon_core.shell:Creating package script '/home/qndks11/HYPER/install/perception/share/perception/package.bash'
[3.122s] INFO:colcon.colcon_core.shell:Creating package script '/home/qndks11/HYPER/install/perception/share/perception/package.zsh'
[3.123s] Level 1:colcon.colcon_core.environment:create_file_with_runtime_dependencies(/home/qndks11/HYPER/install/perception/share/colcon-core/packages/perception)
[3.151s] Level 1:colcon.colcon_core.environment:checking '/home/qndks11/HYPER/install/simulation' for CMake module files
[3.152s] DEBUG:colcon.colcon_core.event_handler.log_command:Invoked command in '/home/qndks11/HYPER/src/simulation' returned '0': PYTHONPATH=/home/qndks11/HYPER/build/simulation/prefix_override:/usr/lib/python3/dist-packages/colcon_core/task/python/colcon_distutils_commands:/home/qndks11/HYPER/install/simulation/lib/python3.10/site-packages:${PYTHONPATH} /usr/bin/python3 -W ignore:setup.py install is deprecated -W ignore:easy_install command is deprecated setup.py egg_info --egg-base ../../build/simulation build --build-base /home/qndks11/HYPER/build/simulation/build install --record /home/qndks11/HYPER/build/simulation/install.log --single-version-externally-managed install_data
[3.153s] Level 1:colcon.colcon_core.environment:checking '/home/qndks11/HYPER/install/simulation' for CMake config files
[3.154s] Level 1:colcon.colcon_core.environment:checking '/home/qndks11/HYPER/install/simulation/lib'
[3.154s] Level 1:colcon.colcon_core.environment:checking '/home/qndks11/HYPER/install/simulation/bin'
[3.154s] Level 1:colcon.colcon_core.environment:checking '/home/qndks11/HYPER/install/simulation/lib/pkgconfig/simulation.pc'
[3.155s] Level 1:colcon.colcon_core.environment:checking '/home/qndks11/HYPER/install/simulation/lib/python3.10/site-packages'
[3.155s] Level 1:colcon.colcon_core.shell:create_environment_hook('simulation', 'pythonpath')
[3.155s] INFO:colcon.colcon_core.shell:Creating environment hook '/home/qndks11/HYPER/install/simulation/share/simulation/hook/pythonpath.ps1'
[3.156s] INFO:colcon.colcon_core.shell:Creating environment descriptor '/home/qndks11/HYPER/install/simulation/share/simulation/hook/pythonpath.dsv'
[3.157s] INFO:colcon.colcon_core.shell:Creating environment hook '/home/qndks11/HYPER/install/simulation/share/simulation/hook/pythonpath.sh'
[3.158s] Level 1:colcon.colcon_core.environment:checking '/home/qndks11/HYPER/install/simulation/bin'
[3.158s] Level 1:colcon.colcon_core.environment:create_environment_scripts_only(simulation)
[3.158s] INFO:colcon.colcon_core.shell:Creating package script '/home/qndks11/HYPER/install/simulation/share/simulation/package.ps1'
[3.160s] INFO:colcon.colcon_core.shell:Creating package descriptor '/home/qndks11/HYPER/install/simulation/share/simulation/package.dsv'
[3.161s] INFO:colcon.colcon_core.shell:Creating package script '/home/qndks11/HYPER/install/simulation/share/simulation/package.sh'
[3.162s] INFO:colcon.colcon_core.shell:Creating package script '/home/qndks11/HYPER/install/simulation/share/simulation/package.bash'
[3.162s] INFO:colcon.colcon_core.shell:Creating package script '/home/qndks11/HYPER/install/simulation/share/simulation/package.zsh'
[3.163s] Level 1:colcon.colcon_core.environment:create_file_with_runtime_dependencies(/home/qndks11/HYPER/install/simulation/share/colcon-core/packages/simulation)
[26.696s] DEBUG:colcon.colcon_core.event_handler.log_command:Invoked command in '/home/qndks11/HYPER/build/auto_vehicle' returned '0': CMAKE_PREFIX_PATH=${CMAKE_PREFIX_PATH}:/home/qndks11/HYPER/install/simulation:/home/qndks11/HYPER/install/perception:/home/qndks11/ros2_ws/install/offboard_pkg:/opt/ros/humble /usr/bin/cmake --build /home/qndks11/HYPER/build/auto_vehicle -- -j12 -l12
[26.709s] DEBUG:colcon.colcon_core.event_handler.log_command:Invoking command in '/home/qndks11/HYPER/build/auto_vehicle': CMAKE_PREFIX_PATH=${CMAKE_PREFIX_PATH}:/home/qndks11/HYPER/install/simulation:/home/qndks11/HYPER/install/perception:/home/qndks11/ros2_ws/install/offboard_pkg:/opt/ros/humble /usr/bin/cmake --install /home/qndks11/HYPER/build/auto_vehicle
[26.745s] Level 1:colcon.colcon_core.environment:create_environment_scripts_only(auto_vehicle)
[26.745s] Level 1:colcon.colcon_core.environment:checking '/home/qndks11/HYPER/install/auto_vehicle' for CMake module files
[26.746s] DEBUG:colcon.colcon_core.event_handler.log_command:Invoked command in '/home/qndks11/HYPER/build/auto_vehicle' returned '0': CMAKE_PREFIX_PATH=${CMAKE_PREFIX_PATH}:/home/qndks11/HYPER/install/simulation:/home/qndks11/HYPER/install/perception:/home/qndks11/ros2_ws/install/offboard_pkg:/opt/ros/humble /usr/bin/cmake --install /home/qndks11/HYPER/build/auto_vehicle
[26.747s] Level 1:colcon.colcon_core.environment:checking '/home/qndks11/HYPER/install/auto_vehicle' for CMake config files
[26.747s] Level 1:colcon.colcon_core.shell:create_environment_hook('auto_vehicle', 'cmake_prefix_path')
[26.747s] INFO:colcon.colcon_core.shell:Creating environment hook '/home/qndks11/HYPER/install/auto_vehicle/share/auto_vehicle/hook/cmake_prefix_path.ps1'
[26.748s] INFO:colcon.colcon_core.shell:Creating environment descriptor '/home/qndks11/HYPER/install/auto_vehicle/share/auto_vehicle/hook/cmake_prefix_path.dsv'
[26.749s] INFO:colcon.colcon_core.shell:Creating environment hook '/home/qndks11/HYPER/install/auto_vehicle/share/auto_vehicle/hook/cmake_prefix_path.sh'
[26.750s] Level 1:colcon.colcon_core.environment:checking '/home/qndks11/HYPER/install/auto_vehicle/lib'
[26.750s] Level 1:colcon.colcon_core.environment:checking '/home/qndks11/HYPER/install/auto_vehicle/bin'
[26.750s] Level 1:colcon.colcon_core.environment:checking '/home/qndks11/HYPER/install/auto_vehicle/lib/pkgconfig/auto_vehicle.pc'
[26.750s] Level 1:colcon.colcon_core.environment:checking '/home/qndks11/HYPER/install/auto_vehicle/lib/python3.10/site-packages'
[26.750s] Level 1:colcon.colcon_core.environment:checking '/home/qndks11/HYPER/install/auto_vehicle/bin'
[26.751s] INFO:colcon.colcon_core.shell:Creating package script '/home/qndks11/HYPER/install/auto_vehicle/share/auto_vehicle/package.ps1'
[26.752s] INFO:colcon.colcon_core.shell:Creating package descriptor '/home/qndks11/HYPER/install/auto_vehicle/share/auto_vehicle/package.dsv'
[26.752s] INFO:colcon.colcon_core.shell:Creating package script '/home/qndks11/HYPER/install/auto_vehicle/share/auto_vehicle/package.sh'
[26.753s] INFO:colcon.colcon_core.shell:Creating package script '/home/qndks11/HYPER/install/auto_vehicle/share/auto_vehicle/package.bash'
[26.754s] INFO:colcon.colcon_core.shell:Creating package script '/home/qndks11/HYPER/install/auto_vehicle/share/auto_vehicle/package.zsh'
[26.754s] Level 1:colcon.colcon_core.environment:create_file_with_runtime_dependencies(/home/qndks11/HYPER/install/auto_vehicle/share/colcon-core/packages/auto_vehicle)
[26.755s] Level 1:colcon.colcon_core.environment:create_environment_scripts_only(auto_vehicle)
[26.756s] Level 1:colcon.colcon_core.environment:checking '/home/qndks11/HYPER/install/auto_vehicle' for CMake module files
[26.756s] Level 1:colcon.colcon_core.environment:checking '/home/qndks11/HYPER/install/auto_vehicle' for CMake config files
[26.757s] Level 1:colcon.colcon_core.shell:create_environment_hook('auto_vehicle', 'cmake_prefix_path')
[26.757s] INFO:colcon.colcon_core.shell:Creating environment hook '/home/qndks11/HYPER/install/auto_vehicle/share/auto_vehicle/hook/cmake_prefix_path.ps1'
[26.758s] INFO:colcon.colcon_core.shell:Creating environment descriptor '/home/qndks11/HYPER/install/auto_vehicle/share/auto_vehicle/hook/cmake_prefix_path.dsv'
[26.758s] INFO:colcon.colcon_core.shell:Creating environment hook '/home/qndks11/HYPER/install/auto_vehicle/share/auto_vehicle/hook/cmake_prefix_path.sh'
[26.759s] Level 1:colcon.colcon_core.environment:checking '/home/qndks11/HYPER/install/auto_vehicle/lib'
[26.760s] Level 1:colcon.colcon_core.environment:checking '/home/qndks11/HYPER/install/auto_vehicle/bin'
[26.760s] Level 1:colcon.colcon_core.environment:checking '/home/qndks11/HYPER/install/auto_vehicle/lib/pkgconfig/auto_vehicle.pc'
[26.760s] Level 1:colcon.colcon_core.environment:checking '/home/qndks11/HYPER/install/auto_vehicle/lib/python3.10/site-packages'
[26.761s] Level 1:colcon.colcon_core.environment:checking '/home/qndks11/HYPER/install/auto_vehicle/bin'
[26.761s] INFO:colcon.colcon_core.shell:Creating package script '/home/qndks11/HYPER/install/auto_vehicle/share/auto_vehicle/package.ps1'
[26.762s] INFO:colcon.colcon_core.shell:Creating package descriptor '/home/qndks11/HYPER/install/auto_vehicle/share/auto_vehicle/package.dsv'
[26.763s] INFO:colcon.colcon_core.shell:Creating package script '/home/qndks11/HYPER/install/auto_vehicle/share/auto_vehicle/package.sh'
[26.764s] INFO:colcon.colcon_core.shell:Creating package script '/home/qndks11/HYPER/install/auto_vehicle/share/auto_vehicle/package.bash'
[26.764s] INFO:colcon.colcon_core.shell:Creating package script '/home/qndks11/HYPER/install/auto_vehicle/share/auto_vehicle/package.zsh'
[26.765s] Level 1:colcon.colcon_core.environment:create_file_with_runtime_dependencies(/home/qndks11/HYPER/install/auto_vehicle/share/colcon-core/packages/auto_vehicle)
[26.766s] DEBUG:colcon.colcon_parallel_executor.executor.parallel:closing loop
[26.766s] DEBUG:colcon.colcon_parallel_executor.executor.parallel:loop closed
[26.767s] DEBUG:colcon.colcon_parallel_executor.executor.parallel:run_until_complete finished with '0'
[26.767s] DEBUG:colcon.colcon_core.event_reactor:joining thread
[26.839s] INFO:colcon.colcon_core.plugin_system:Skipping extension 'colcon_notification.desktop_notification.notify_send': Could not find 'notify-send'
[26.839s] INFO:colcon.colcon_core.plugin_system:Skipping extension 'colcon_notification.desktop_notification.terminal_notifier': Not used on non-Darwin systems
[26.839s] INFO:colcon.colcon_core.plugin_system:Skipping extension 'colcon_notification.desktop_notification.win32': Not used on non-Windows systems
[26.839s] INFO:colcon.colcon_notification.desktop_notification:Sending desktop notification using 'notify2'
[26.839s] DEBUG:colcon.colcon_notification.desktop_notification.notify2:Failed to initialize notify2: org.freedesktop.DBus.Error.FileNotFound: Failed to connect to socket /run/user/1000/bus: No such file or directory
[26.840s] DEBUG:colcon.colcon_core.event_reactor:joined thread
[26.840s] INFO:colcon.colcon_core.shell:Creating prefix script '/home/qndks11/HYPER/install/local_setup.ps1'
[26.841s] INFO:colcon.colcon_core.shell:Creating prefix util module '/home/qndks11/HYPER/install/_local_setup_util_ps1.py'
[26.843s] INFO:colcon.colcon_core.shell:Creating prefix chain script '/home/qndks11/HYPER/install/setup.ps1'
[26.846s] INFO:colcon.colcon_core.shell:Creating prefix script '/home/qndks11/HYPER/install/local_setup.sh'
[26.847s] INFO:colcon.colcon_core.shell:Creating prefix util module '/home/qndks11/HYPER/install/_local_setup_util_sh.py'
[26.848s] INFO:colcon.colcon_core.shell:Creating prefix chain script '/home/qndks11/HYPER/install/setup.sh'
[26.850s] INFO:colcon.colcon_core.shell:Creating prefix script '/home/qndks11/HYPER/install/local_setup.bash'
[26.851s] INFO:colcon.colcon_core.shell:Creating prefix chain script '/home/qndks11/HYPER/install/setup.bash'
[26.853s] INFO:colcon.colcon_core.shell:Creating prefix script '/home/qndks11/HYPER/install/local_setup.zsh'
[26.854s] INFO:colcon.colcon_core.shell:Creating prefix chain script '/home/qndks11/HYPER/install/setup.zsh'
