[1.605s] Invoking command in '/home/qndks11/HYPER/src/simulation': PYTHONPATH=/home/qndks11/HYPER/build/simulation/prefix_override:/usr/lib/python3/dist-packages/colcon_core/task/python/colcon_distutils_commands:/home/qndks11/HYPER/install/simulation/lib/python3.10/site-packages:${PYTHONPATH} /usr/bin/python3 -W ignore:setup.py install is deprecated -W ignore:easy_install command is deprecated setup.py egg_info --egg-base ../../build/simulation build --build-base /home/qndks11/HYPER/build/simulation/build install --record /home/qndks11/HYPER/build/simulation/install.log --single-version-externally-managed install_data
[2.025s] running egg_info
[2.052s] writing ../../build/simulation/simulation.egg-info/PKG-INFO
[2.053s] writing dependency_links to ../../build/simulation/simulation.egg-info/dependency_links.txt
[2.053s] writing entry points to ../../build/simulation/simulation.egg-info/entry_points.txt
[2.053s] writing requirements to ../../build/simulation/simulation.egg-info/requires.txt
[2.060s] writing top-level names to ../../build/simulation/simulation.egg-info/top_level.txt
[2.121s] reading manifest file '../../build/simulation/simulation.egg-info/SOURCES.txt'
[2.126s] writing manifest file '../../build/simulation/simulation.egg-info/SOURCES.txt'
[2.126s] running build
[2.127s] running build_py
[2.127s] copying simulation/__init__.py -> /home/qndks11/HYPER/build/simulation/build/lib/simulation
[2.127s] copying simulation/spawn_robot.py -> /home/qndks11/HYPER/build/simulation/build/lib/simulation
[2.127s] running install
[2.136s] running install_lib
[2.163s] running install_data
[2.163s] copying resource/simulation -> /home/qndks11/HYPER/install/simulation/share/ament_index/resource_index/packages
[2.169s] copying package.xml -> /home/qndks11/HYPER/install/simulation/share/simulation
[2.169s] copying launch/full_simulation.launch.py -> /home/qndks11/HYPER/install/simulation/share/simulation/launch
[2.169s] copying worlds/track.sdf -> /home/qndks11/HYPER/install/simulation/share/simulation/worlds
[2.169s] copying config/bridge.yaml -> /home/qndks11/HYPER/install/simulation/share/simulation/config
[2.169s] copying models/hyper.urdf.xacro -> /home/qndks11/HYPER/install/simulation/share/simulation/models
[2.169s] running install_egg_info
[2.193s] removing '/home/qndks11/HYPER/install/simulation/lib/python3.10/site-packages/simulation-0.0.0-py3.10.egg-info' (and everything under it)
[2.194s] Copying ../../build/simulation/simulation.egg-info to /home/qndks11/HYPER/install/simulation/lib/python3.10/site-packages/simulation-0.0.0-py3.10.egg-info
[2.197s] running install_scripts
[2.410s] Installing spawn_robot script to /home/qndks11/HYPER/install/simulation/lib/simulation
[2.410s] writing list of installed files to '/home/qndks11/HYPER/build/simulation/install.log'
[2.469s] Invoked command in '/home/qndks11/HYPER/src/simulation' returned '0': PYTHONPATH=/home/qndks11/HYPER/build/simulation/prefix_override:/usr/lib/python3/dist-packages/colcon_core/task/python/colcon_distutils_commands:/home/qndks11/HYPER/install/simulation/lib/python3.10/site-packages:${PYTHONPATH} /usr/bin/python3 -W ignore:setup.py install is deprecated -W ignore:easy_install command is deprecated setup.py egg_info --egg-base ../../build/simulation build --build-base /home/qndks11/HYPER/build/simulation/build install --record /home/qndks11/HYPER/build/simulation/install.log --single-version-externally-managed install_data
