-- Found ament_cmake: 1.3.14 (/opt/ros/humble/share/ament_cmake/cmake)
-- Found rclcpp: 16.0.19 (/opt/ros/humble/share/rclcpp/cmake)
-- Found rosidl_generator_c: 3.1.8 (/opt/ros/humble/share/rosidl_generator_c/cmake)
-- Found rosidl_adapter: 3.1.8 (/opt/ros/humble/share/rosidl_adapter/cmake)
-- Found rosidl_generator_cpp: 3.1.8 (/opt/ros/humble/share/rosidl_generator_cpp/cmake)
-- Using all available rosidl_typesupport_c: rosidl_typesupport_fastrtps_c;rosidl_typesupport_introspection_c
-- Using all available rosidl_typesupport_cpp: rosidl_typesupport_fastrtps_cpp;rosidl_typesupport_introspection_cpp
-- Found rmw_implementation_cmake: 6.1.2 (/opt/ros/humble/share/rmw_implementation_cmake/cmake)
-- Found rmw_fastrtps_cpp: 6.2.10 (/opt/ros/humble/share/rmw_fastrtps_cpp/cmake)
-- Using RMW implementation 'rmw_fastrtps_cpp' as default
-- Found sensor_msgs: 4.9.1 (/opt/ros/humble/share/sensor_msgs/cmake)
-- Found ament_lint_auto: 0.12.15 (/opt/ros/humble/share/ament_lint_auto/cmake)
-- Added test 'cppcheck' to perform static code analysis on C / C++ code
-- Configured cppcheck include dirs: /home/qndks11/HYPER/src/auto_vehicle/include
-- Configured cppcheck exclude dirs and/or files: 
-- Added test 'flake8' to check Python code syntax and style conventions
-- Added test 'lint_cmake' to check CMake code style
-- Added test 'pep257' to check Python code against some of the docstring style conventions in PEP 257
-- Added test 'uncrustify' to check C / C++ code style
-- Configured uncrustify additional arguments: 
-- Added test 'xmllint' to check XML markup files
-- Configuring done
-- Generating done
-- Build files have been written to: /home/qndks11/HYPER/build/auto_vehicle
[35m[1mConsolidate compiler generated dependencies of target vehicle_controller[0m
[35m[1mConsolidate compiler generated dependencies of target joystick_controller[0m
[ 25%] [32mBuilding CXX object CMakeFiles/vehicle_controller.dir/src/vehicle_controller.cpp.o[0m
[ 50%] [32mBuilding CXX object CMakeFiles/joystick_controller.dir/src/joystick_controller.cpp.o[0m
[ 75%] [32m[1mLinking CXX executable joystick_controller[0m
[100%] [32m[1mLinking CXX executable vehicle_controller[0m
[100%] Built target joystick_controller
[100%] Built target vehicle_controller
-- Install configuration: ""
-- Up-to-date: /home/qndks11/HYPER/install/auto_vehicle/share/auto_vehicle/launch
-- Installing: /home/qndks11/HYPER/install/auto_vehicle/share/auto_vehicle/launch/vehicle.launch.py
-- Installing: /home/qndks11/HYPER/install/auto_vehicle/share/auto_vehicle/launch/joystick.launch.py
-- Up-to-date: /home/qndks11/HYPER/install/auto_vehicle/share/auto_vehicle/urdf
-- Installing: /home/qndks11/HYPER/install/auto_vehicle/share/auto_vehicle/urdf/vehicle.xacro
-- Up-to-date: /home/qndks11/HYPER/install/auto_vehicle/share/auto_vehicle/config
-- Installing: /home/qndks11/HYPER/install/auto_vehicle/share/auto_vehicle/config/ros_gz_bridge.yaml
-- Installing: /home/qndks11/HYPER/install/auto_vehicle/share/auto_vehicle/config/gz_ros2_control.yaml
-- Installing: /home/qndks11/HYPER/install/auto_vehicle/share/auto_vehicle/config/parameters.yaml
-- Up-to-date: /home/qndks11/HYPER/install/auto_vehicle/share/auto_vehicle/worlds
-- Installing: /home/qndks11/HYPER/install/auto_vehicle/share/auto_vehicle/worlds/track.world
-- Installing: /home/qndks11/HYPER/install/auto_vehicle/lib/auto_vehicle/vehicle_controller
-- Set runtime path of "/home/qndks11/HYPER/install/auto_vehicle/lib/auto_vehicle/vehicle_controller" to ""
-- Installing: /home/qndks11/HYPER/install/auto_vehicle/lib/auto_vehicle/joystick_controller
-- Set runtime path of "/home/qndks11/HYPER/install/auto_vehicle/lib/auto_vehicle/joystick_controller" to ""
-- Up-to-date: /home/qndks11/HYPER/install/auto_vehicle/share/ament_index/resource_index/package_run_dependencies/auto_vehicle
-- Installing: /home/qndks11/HYPER/install/auto_vehicle/share/ament_index/resource_index/parent_prefix_path/auto_vehicle
-- Up-to-date: /home/qndks11/HYPER/install/auto_vehicle/share/auto_vehicle/environment/ament_prefix_path.sh
-- Installing: /home/qndks11/HYPER/install/auto_vehicle/share/auto_vehicle/environment/ament_prefix_path.dsv
-- Up-to-date: /home/qndks11/HYPER/install/auto_vehicle/share/auto_vehicle/environment/path.sh
-- Installing: /home/qndks11/HYPER/install/auto_vehicle/share/auto_vehicle/environment/path.dsv
-- Up-to-date: /home/qndks11/HYPER/install/auto_vehicle/share/auto_vehicle/local_setup.bash
-- Up-to-date: /home/qndks11/HYPER/install/auto_vehicle/share/auto_vehicle/local_setup.sh
-- Up-to-date: /home/qndks11/HYPER/install/auto_vehicle/share/auto_vehicle/local_setup.zsh
-- Installing: /home/qndks11/HYPER/install/auto_vehicle/share/auto_vehicle/local_setup.dsv
-- Installing: /home/qndks11/HYPER/install/auto_vehicle/share/auto_vehicle/package.dsv
-- Up-to-date: /home/qndks11/HYPER/install/auto_vehicle/share/ament_index/resource_index/packages/auto_vehicle
-- Up-to-date: /home/qndks11/HYPER/install/auto_vehicle/share/auto_vehicle/cmake/auto_vehicleConfig.cmake
-- Up-to-date: /home/qndks11/HYPER/install/auto_vehicle/share/auto_vehicle/cmake/auto_vehicleConfig-version.cmake
-- Installing: /home/qndks11/HYPER/install/auto_vehicle/share/auto_vehicle/package.xml
