[0.038s] Invoking command in '/home/qndks11/HYPER/build/auto_vehicle': CMAKE_PREFIX_PATH=${CMAKE_PREFIX_PATH}:/home/qndks11/HYPER/install/simulation:/home/qndks11/HYPER/install/perception:/home/qndks11/ros2_ws/install/offboard_pkg:/opt/ros/humble /usr/bin/cmake --build /home/qndks11/HYPER/build/auto_vehicle -- -j12 -l12
[0.380s] -- Found ament_cmake: 1.3.14 (/opt/ros/humble/share/ament_cmake/cmake)
[0.381s] -- Found rclcpp: 16.0.19 (/opt/ros/humble/share/rclcpp/cmake)
[0.552s] -- Found rosidl_generator_c: 3.1.8 (/opt/ros/humble/share/rosidl_generator_c/cmake)
[0.555s] -- Found rosidl_adapter: 3.1.8 (/opt/ros/humble/share/rosidl_adapter/cmake)
[0.564s] -- Found rosidl_generator_cpp: 3.1.8 (/opt/ros/humble/share/rosidl_generator_cpp/cmake)
[0.579s] -- Using all available rosidl_typesupport_c: rosidl_typesupport_fastrtps_c;rosidl_typesupport_introspection_c
[0.603s] -- Using all available rosidl_typesupport_cpp: rosidl_typesupport_fastrtps_cpp;rosidl_typesupport_introspection_cpp
[0.654s] -- Found rmw_implementation_cmake: 6.1.2 (/opt/ros/humble/share/rmw_implementation_cmake/cmake)
[0.656s] -- Found rmw_fastrtps_cpp: 6.2.10 (/opt/ros/humble/share/rmw_fastrtps_cpp/cmake)
[10.303s] -- Using RMW implementation 'rmw_fastrtps_cpp' as default
[10.373s] -- Found sensor_msgs: 4.9.1 (/opt/ros/humble/share/sensor_msgs/cmake)
[10.417s] -- Found ament_lint_auto: 0.12.15 (/opt/ros/humble/share/ament_lint_auto/cmake)
[10.573s] -- Added test 'cppcheck' to perform static code analysis on C / C++ code
[10.573s] -- Configured cppcheck include dirs: /home/qndks11/HYPER/src/auto_vehicle/include
[10.574s] -- Configured cppcheck exclude dirs and/or files: 
[10.574s] -- Added test 'flake8' to check Python code syntax and style conventions
[10.575s] -- Added test 'lint_cmake' to check CMake code style
[10.575s] -- Added test 'pep257' to check Python code against some of the docstring style conventions in PEP 257
[10.577s] -- Added test 'uncrustify' to check C / C++ code style
[10.577s] -- Configured uncrustify additional arguments: 
[10.578s] -- Added test 'xmllint' to check XML markup files
[10.579s] -- Configuring done
[10.602s] -- Generating done
[10.611s] -- Build files have been written to: /home/qndks11/HYPER/build/auto_vehicle
[10.652s] [35m[1mConsolidate compiler generated dependencies of target vehicle_controller[0m
[10.653s] [35m[1mConsolidate compiler generated dependencies of target joystick_controller[0m
[10.679s] [ 25%] [32mBuilding CXX object CMakeFiles/vehicle_controller.dir/src/vehicle_controller.cpp.o[0m
[10.680s] [ 50%] [32mBuilding CXX object CMakeFiles/joystick_controller.dir/src/joystick_controller.cpp.o[0m
[25.643s] [ 75%] [32m[1mLinking CXX executable joystick_controller[0m
[25.722s] [100%] [32m[1mLinking CXX executable vehicle_controller[0m
[26.495s] [100%] Built target joystick_controller
[26.550s] [100%] Built target vehicle_controller
[26.567s] Invoked command in '/home/qndks11/HYPER/build/auto_vehicle' returned '0': CMAKE_PREFIX_PATH=${CMAKE_PREFIX_PATH}:/home/qndks11/HYPER/install/simulation:/home/qndks11/HYPER/install/perception:/home/qndks11/ros2_ws/install/offboard_pkg:/opt/ros/humble /usr/bin/cmake --build /home/qndks11/HYPER/build/auto_vehicle -- -j12 -l12
[26.580s] Invoking command in '/home/qndks11/HYPER/build/auto_vehicle': CMAKE_PREFIX_PATH=${CMAKE_PREFIX_PATH}:/home/qndks11/HYPER/install/simulation:/home/qndks11/HYPER/install/perception:/home/qndks11/ros2_ws/install/offboard_pkg:/opt/ros/humble /usr/bin/cmake --install /home/qndks11/HYPER/build/auto_vehicle
[26.590s] -- Install configuration: ""
[26.590s] -- Up-to-date: /home/qndks11/HYPER/install/auto_vehicle/share/auto_vehicle/launch
[26.590s] -- Installing: /home/qndks11/HYPER/install/auto_vehicle/share/auto_vehicle/launch/vehicle.launch.py
[26.596s] -- Installing: /home/qndks11/HYPER/install/auto_vehicle/share/auto_vehicle/launch/joystick.launch.py
[26.596s] -- Up-to-date: /home/qndks11/HYPER/install/auto_vehicle/share/auto_vehicle/urdf
[26.596s] -- Installing: /home/qndks11/HYPER/install/auto_vehicle/share/auto_vehicle/urdf/vehicle.xacro
[26.597s] -- Up-to-date: /home/qndks11/HYPER/install/auto_vehicle/share/auto_vehicle/config
[26.597s] -- Installing: /home/qndks11/HYPER/install/auto_vehicle/share/auto_vehicle/config/ros_gz_bridge.yaml
[26.597s] -- Installing: /home/qndks11/HYPER/install/auto_vehicle/share/auto_vehicle/config/gz_ros2_control.yaml
[26.597s] -- Installing: /home/qndks11/HYPER/install/auto_vehicle/share/auto_vehicle/config/parameters.yaml
[26.597s] -- Up-to-date: /home/qndks11/HYPER/install/auto_vehicle/share/auto_vehicle/worlds
[26.597s] -- Installing: /home/qndks11/HYPER/install/auto_vehicle/share/auto_vehicle/worlds/track.world
[26.597s] -- Installing: /home/qndks11/HYPER/install/auto_vehicle/lib/auto_vehicle/vehicle_controller
[26.601s] -- Set runtime path of "/home/qndks11/HYPER/install/auto_vehicle/lib/auto_vehicle/vehicle_controller" to ""
[26.601s] -- Installing: /home/qndks11/HYPER/install/auto_vehicle/lib/auto_vehicle/joystick_controller
[26.610s] -- Set runtime path of "/home/qndks11/HYPER/install/auto_vehicle/lib/auto_vehicle/joystick_controller" to ""
[26.611s] -- Up-to-date: /home/qndks11/HYPER/install/auto_vehicle/share/ament_index/resource_index/package_run_dependencies/auto_vehicle
[26.611s] -- Installing: /home/qndks11/HYPER/install/auto_vehicle/share/ament_index/resource_index/parent_prefix_path/auto_vehicle
[26.611s] -- Up-to-date: /home/qndks11/HYPER/install/auto_vehicle/share/auto_vehicle/environment/ament_prefix_path.sh
[26.612s] -- Installing: /home/qndks11/HYPER/install/auto_vehicle/share/auto_vehicle/environment/ament_prefix_path.dsv
[26.612s] -- Up-to-date: /home/qndks11/HYPER/install/auto_vehicle/share/auto_vehicle/environment/path.sh
[26.612s] -- Installing: /home/qndks11/HYPER/install/auto_vehicle/share/auto_vehicle/environment/path.dsv
[26.613s] -- Up-to-date: /home/qndks11/HYPER/install/auto_vehicle/share/auto_vehicle/local_setup.bash
[26.613s] -- Up-to-date: /home/qndks11/HYPER/install/auto_vehicle/share/auto_vehicle/local_setup.sh
[26.613s] -- Up-to-date: /home/qndks11/HYPER/install/auto_vehicle/share/auto_vehicle/local_setup.zsh
[26.613s] -- Installing: /home/qndks11/HYPER/install/auto_vehicle/share/auto_vehicle/local_setup.dsv
[26.613s] -- Installing: /home/qndks11/HYPER/install/auto_vehicle/share/auto_vehicle/package.dsv
[26.614s] -- Up-to-date: /home/qndks11/HYPER/install/auto_vehicle/share/ament_index/resource_index/packages/auto_vehicle
[26.614s] -- Up-to-date: /home/qndks11/HYPER/install/auto_vehicle/share/auto_vehicle/cmake/auto_vehicleConfig.cmake
[26.614s] -- Up-to-date: /home/qndks11/HYPER/install/auto_vehicle/share/auto_vehicle/cmake/auto_vehicleConfig-version.cmake
[26.614s] -- Installing: /home/qndks11/HYPER/install/auto_vehicle/share/auto_vehicle/package.xml
[26.617s] Invoked command in '/home/qndks11/HYPER/build/auto_vehicle' returned '0': CMAKE_PREFIX_PATH=${CMAKE_PREFIX_PATH}:/home/qndks11/HYPER/install/simulation:/home/qndks11/HYPER/install/perception:/home/qndks11/ros2_ws/install/offboard_pkg:/opt/ros/humble /usr/bin/cmake --install /home/qndks11/HYPER/build/auto_vehicle
