[0.039s] Invoking command in '/home/qndks11/HYPER/build/auto_vehicle': CMAKE_PREFIX_PATH=${CMAKE_PREFIX_PATH}:/home/qndks11/HYPER/install/simulation:/home/qndks11/HYPER/install/perception:/home/qndks11/ros2_ws/install/offboard_pkg:/opt/ros/humble /usr/bin/cmake /home/qndks11/HYPER/src/auto_vehicle -DCMAKE_INSTALL_PREFIX=/home/qndks11/HYPER/install/auto_vehicle
[0.604s] -- The C compiler identification is GNU 11.4.0
[1.495s] -- The CXX compiler identification is GNU 11.4.0
[2.134s] -- Detecting C compiler ABI info
[2.373s] -- Detecting C compiler ABI info - done
[2.381s] -- Check for working C compiler: /usr/bin/cc - skipped
[2.382s] -- Detecting C compile features
[2.383s] -- Detecting C compile features - done
[2.388s] -- Detecting CXX compiler ABI info
[2.607s] -- Detecting CXX compiler ABI info - done
[2.616s] -- Check for working CXX compiler: /usr/bin/c++ - skipped
[2.616s] -- Detecting CXX compile features
[2.616s] -- Detecting CXX compile features - done
[2.622s] -- Found ament_cmake: 1.3.14 (/opt/ros/humble/share/ament_cmake/cmake)
[3.056s] -- Found Python3: /usr/bin/python3 (found version "3.10.12") found components: Interpreter 
[3.205s] -- Found rclcpp: 16.0.19 (/opt/ros/humble/share/rclcpp/cmake)
[3.459s] -- Found rosidl_generator_c: 3.1.8 (/opt/ros/humble/share/rosidl_generator_c/cmake)
[3.469s] -- Found rosidl_adapter: 3.1.8 (/opt/ros/humble/share/rosidl_adapter/cmake)
[3.487s] -- Found rosidl_generator_cpp: 3.1.8 (/opt/ros/humble/share/rosidl_generator_cpp/cmake)
[3.511s] -- Using all available rosidl_typesupport_c: rosidl_typesupport_fastrtps_c;rosidl_typesupport_introspection_c
[3.540s] -- Using all available rosidl_typesupport_cpp: rosidl_typesupport_fastrtps_cpp;rosidl_typesupport_introspection_cpp
[3.621s] -- Found rmw_implementation_cmake: 6.1.2 (/opt/ros/humble/share/rmw_implementation_cmake/cmake)
[3.627s] -- Found rmw_fastrtps_cpp: 6.2.10 (/opt/ros/humble/share/rmw_fastrtps_cpp/cmake)
[5.838s] -- Found OpenSSL: /usr/lib/x86_64-linux-gnu/libcrypto.so (found version "3.0.2")  
[8.008s] -- Found FastRTPS: /opt/ros/humble/include  
[11.940s] -- Using RMW implementation 'rmw_fastrtps_cpp' as default
[11.958s] -- Looking for pthread.h
[12.192s] -- Looking for pthread.h - found
[12.192s] -- Performing Test CMAKE_HAVE_LIBC_PTHREAD
[12.400s] -- Performing Test CMAKE_HAVE_LIBC_PTHREAD - Success
[12.401s] -- Found Threads: TRUE  
[12.491s] -- Found sensor_msgs: 4.9.1 (/opt/ros/humble/share/sensor_msgs/cmake)
[12.546s] -- Found ament_lint_auto: 0.12.15 (/opt/ros/humble/share/ament_lint_auto/cmake)
[12.688s] -- Added test 'cppcheck' to perform static code analysis on C / C++ code
[12.688s] -- Configured cppcheck include dirs: /home/qndks11/HYPER/src/auto_vehicle/include
[12.688s] -- Configured cppcheck exclude dirs and/or files: 
[12.689s] -- Added test 'flake8' to check Python code syntax and style conventions
[12.691s] -- Added test 'lint_cmake' to check CMake code style
[12.693s] -- Added test 'pep257' to check Python code against some of the docstring style conventions in PEP 257
[12.696s] -- Added test 'uncrustify' to check C / C++ code style
[12.696s] -- Configured uncrustify additional arguments: 
[12.697s] -- Added test 'xmllint' to check XML markup files
[12.701s] -- Configuring done
[12.722s] -- Generating done
[12.728s] -- Build files have been written to: /home/qndks11/HYPER/build/auto_vehicle
[12.739s] Invoked command in '/home/qndks11/HYPER/build/auto_vehicle' returned '0': CMAKE_PREFIX_PATH=${CMAKE_PREFIX_PATH}:/home/qndks11/HYPER/install/simulation:/home/qndks11/HYPER/install/perception:/home/qndks11/ros2_ws/install/offboard_pkg:/opt/ros/humble /usr/bin/cmake /home/qndks11/HYPER/src/auto_vehicle -DCMAKE_INSTALL_PREFIX=/home/qndks11/HYPER/install/auto_vehicle
[12.741s] Invoking command in '/home/qndks11/HYPER/build/auto_vehicle': CMAKE_PREFIX_PATH=${CMAKE_PREFIX_PATH}:/home/qndks11/HYPER/install/simulation:/home/qndks11/HYPER/install/perception:/home/qndks11/ros2_ws/install/offboard_pkg:/opt/ros/humble /usr/bin/cmake --build /home/qndks11/HYPER/build/auto_vehicle -- -j12 -l12
[12.802s] [ 50%] [32mBuilding CXX object CMakeFiles/vehicle_controller.dir/src/vehicle_controller.cpp.o[0m
[12.802s] [ 50%] [32mBuilding CXX object CMakeFiles/joystick_controller.dir/src/joystick_controller.cpp.o[0m
[22.811s] [ 75%] [32m[1mLinking CXX executable joystick_controller[0m
[22.853s] [100%] [32m[1mLinking CXX executable vehicle_controller[0m
[23.410s] [100%] Built target joystick_controller
[23.446s] [100%] Built target vehicle_controller
[23.459s] Invoked command in '/home/qndks11/HYPER/build/auto_vehicle' returned '0': CMAKE_PREFIX_PATH=${CMAKE_PREFIX_PATH}:/home/qndks11/HYPER/install/simulation:/home/qndks11/HYPER/install/perception:/home/qndks11/ros2_ws/install/offboard_pkg:/opt/ros/humble /usr/bin/cmake --build /home/qndks11/HYPER/build/auto_vehicle -- -j12 -l12
[23.471s] Invoking command in '/home/qndks11/HYPER/build/auto_vehicle': CMAKE_PREFIX_PATH=${CMAKE_PREFIX_PATH}:/home/qndks11/HYPER/install/simulation:/home/qndks11/HYPER/install/perception:/home/qndks11/ros2_ws/install/offboard_pkg:/opt/ros/humble /usr/bin/cmake --install /home/qndks11/HYPER/build/auto_vehicle
[23.478s] -- Install configuration: ""
[23.478s] -- Installing: /home/qndks11/HYPER/install/auto_vehicle/share/auto_vehicle/launch
[23.481s] -- Installing: /home/qndks11/HYPER/install/auto_vehicle/share/auto_vehicle/launch/vehicle.launch.py
[23.481s] -- Installing: /home/qndks11/HYPER/install/auto_vehicle/share/auto_vehicle/launch/joystick.launch.py
[23.481s] -- Installing: /home/qndks11/HYPER/install/auto_vehicle/share/auto_vehicle/urdf
[23.482s] -- Installing: /home/qndks11/HYPER/install/auto_vehicle/share/auto_vehicle/urdf/vehicle.xacro
[23.482s] -- Installing: /home/qndks11/HYPER/install/auto_vehicle/share/auto_vehicle/config
[23.483s] -- Installing: /home/qndks11/HYPER/install/auto_vehicle/share/auto_vehicle/config/ros_gz_bridge.yaml
[23.483s] -- Installing: /home/qndks11/HYPER/install/auto_vehicle/share/auto_vehicle/config/gz_ros2_control.yaml
[23.483s] -- Installing: /home/qndks11/HYPER/install/auto_vehicle/share/auto_vehicle/config/parameters.yaml
[23.483s] -- Installing: /home/qndks11/HYPER/install/auto_vehicle/share/auto_vehicle/worlds
[23.484s] -- Installing: /home/qndks11/HYPER/install/auto_vehicle/share/auto_vehicle/worlds/track.world
[23.486s] -- Installing: /home/qndks11/HYPER/install/auto_vehicle/lib/auto_vehicle/vehicle_controller
[23.490s] -- Set runtime path of "/home/qndks11/HYPER/install/auto_vehicle/lib/auto_vehicle/vehicle_controller" to ""
[23.490s] -- Installing: /home/qndks11/HYPER/install/auto_vehicle/lib/auto_vehicle/joystick_controller
[23.494s] -- Set runtime path of "/home/qndks11/HYPER/install/auto_vehicle/lib/auto_vehicle/joystick_controller" to ""
[23.496s] -- Installing: /home/qndks11/HYPER/install/auto_vehicle/share/ament_index/resource_index/package_run_dependencies/auto_vehicle
[23.497s] -- Installing: /home/qndks11/HYPER/install/auto_vehicle/share/ament_index/resource_index/parent_prefix_path/auto_vehicle
[23.497s] -- Installing: /home/qndks11/HYPER/install/auto_vehicle/share/auto_vehicle/environment/ament_prefix_path.sh
[23.498s] -- Installing: /home/qndks11/HYPER/install/auto_vehicle/share/auto_vehicle/environment/ament_prefix_path.dsv
[23.498s] -- Installing: /home/qndks11/HYPER/install/auto_vehicle/share/auto_vehicle/environment/path.sh
[23.498s] -- Installing: /home/qndks11/HYPER/install/auto_vehicle/share/auto_vehicle/environment/path.dsv
[23.498s] -- Installing: /home/qndks11/HYPER/install/auto_vehicle/share/auto_vehicle/local_setup.bash
[23.499s] -- Installing: /home/qndks11/HYPER/install/auto_vehicle/share/auto_vehicle/local_setup.sh
[23.499s] -- Installing: /home/qndks11/HYPER/install/auto_vehicle/share/auto_vehicle/local_setup.zsh
[23.499s] -- Installing: /home/qndks11/HYPER/install/auto_vehicle/share/auto_vehicle/local_setup.dsv
[23.499s] -- Installing: /home/qndks11/HYPER/install/auto_vehicle/share/auto_vehicle/package.dsv
[23.500s] -- Installing: /home/qndks11/HYPER/install/auto_vehicle/share/ament_index/resource_index/packages/auto_vehicle
[23.501s] -- Installing: /home/qndks11/HYPER/install/auto_vehicle/share/auto_vehicle/cmake/auto_vehicleConfig.cmake
[23.501s] -- Installing: /home/qndks11/HYPER/install/auto_vehicle/share/auto_vehicle/cmake/auto_vehicleConfig-version.cmake
[23.501s] -- Installing: /home/qndks11/HYPER/install/auto_vehicle/share/auto_vehicle/package.xml
[23.504s] Invoked command in '/home/qndks11/HYPER/build/auto_vehicle' returned '0': CMAKE_PREFIX_PATH=${CMAKE_PREFIX_PATH}:/home/qndks11/HYPER/install/simulation:/home/qndks11/HYPER/install/perception:/home/qndks11/ros2_ws/install/offboard_pkg:/opt/ros/humble /usr/bin/cmake --install /home/qndks11/HYPER/build/auto_vehicle
