running egg_info
writing ../../build/perception/perception.egg-info/PKG-INFO
writing dependency_links to ../../build/perception/perception.egg-info/dependency_links.txt
writing entry points to ../../build/perception/perception.egg-info/entry_points.txt
writing requirements to ../../build/perception/perception.egg-info/requires.txt
writing top-level names to ../../build/perception/perception.egg-info/top_level.txt
reading manifest file '../../build/perception/perception.egg-info/SOURCES.txt'
writing manifest file '../../build/perception/perception.egg-info/SOURCES.txt'
running build
running build_py
copying perception/lane_detector.py -> /home/qndks11/HYPER/build/perception/build/lib/perception
copying perception/sign_detector.py -> /home/qndks11/HYPER/build/perception/build/lib/perception
copying perception/__init__.py -> /home/qndks11/HYPER/build/perception/build/lib/perception
copying perception/visualizer.py -> /home/qndks11/HYPER/build/perception/build/lib/perception
copying perception/camera_subscriber.py -> /home/qndks11/HYPER/build/perception/build/lib/perception
running install
running install_lib
copying /home/qndks11/HYPER/build/perception/build/lib/perception/visualizer.py -> /home/qndks11/HYPER/install/perception/lib/python3.10/site-packages/perception
byte-compiling /home/qndks11/HYPER/install/perception/lib/python3.10/site-packages/perception/visualizer.py to visualizer.cpython-310.pyc
running install_data
copying resource/perception -> /home/qndks11/HYPER/install/perception/share/ament_index/resource_index/packages
copying package.xml -> /home/qndks11/HYPER/install/perception/share/perception
running install_egg_info
removing '/home/qndks11/HYPER/install/perception/lib/python3.10/site-packages/perception-0.0.0-py3.10.egg-info' (and everything under it)
Copying ../../build/perception/perception.egg-info to /home/qndks11/HYPER/install/perception/lib/python3.10/site-packages/perception-0.0.0-py3.10.egg-info
running install_scripts
Installing camera_subscriber script to /home/qndks11/HYPER/install/perception/lib/perception
Installing lane_detector script to /home/qndks11/HYPER/install/perception/lib/perception
Installing sign_detector script to /home/qndks11/HYPER/install/perception/lib/perception
Installing visualizer script to /home/qndks11/HYPER/install/perception/lib/perception
writing list of installed files to '/home/qndks11/HYPER/build/perception/install.log'
