[1.597s] Invoking command in '/home/qndks11/HYPER/src/perception': PYTHONPATH=/home/qndks11/HYPER/build/perception/prefix_override:/usr/lib/python3/dist-packages/colcon_core/task/python/colcon_distutils_commands:/home/qndks11/HYPER/install/perception/lib/python3.10/site-packages:${PYTHONPATH} /usr/bin/python3 -W ignore:setup.py install is deprecated -W ignore:easy_install command is deprecated setup.py egg_info --egg-base ../../build/perception build --build-base /home/qndks11/HYPER/build/perception/build install --record /home/qndks11/HYPER/build/perception/install.log --single-version-externally-managed install_data
[1.933s] running egg_info
[1.955s] writing ../../build/perception/perception.egg-info/PKG-INFO
[1.956s] writing dependency_links to ../../build/perception/perception.egg-info/dependency_links.txt
[1.956s] writing entry points to ../../build/perception/perception.egg-info/entry_points.txt
[1.957s] writing requirements to ../../build/perception/perception.egg-info/requires.txt
[1.957s] writing top-level names to ../../build/perception/perception.egg-info/top_level.txt
[2.003s] reading manifest file '../../build/perception/perception.egg-info/SOURCES.txt'
[2.005s] writing manifest file '../../build/perception/perception.egg-info/SOURCES.txt'
[2.005s] running build
[2.005s] running build_py
[2.007s] copying perception/lane_detector.py -> /home/qndks11/HYPER/build/perception/build/lib/perception
[2.007s] copying perception/sign_detector.py -> /home/qndks11/HYPER/build/perception/build/lib/perception
[2.008s] copying perception/__init__.py -> /home/qndks11/HYPER/build/perception/build/lib/perception
[2.008s] copying perception/visualizer.py -> /home/qndks11/HYPER/build/perception/build/lib/perception
[2.009s] copying perception/camera_subscriber.py -> /home/qndks11/HYPER/build/perception/build/lib/perception
[2.010s] running install
[2.014s] running install_lib
[2.036s] copying /home/qndks11/HYPER/build/perception/build/lib/perception/visualizer.py -> /home/qndks11/HYPER/install/perception/lib/python3.10/site-packages/perception
[2.037s] byte-compiling /home/qndks11/HYPER/install/perception/lib/python3.10/site-packages/perception/visualizer.py to visualizer.cpython-310.pyc
[2.038s] running install_data
[2.039s] copying resource/perception -> /home/qndks11/HYPER/install/perception/share/ament_index/resource_index/packages
[2.039s] copying package.xml -> /home/qndks11/HYPER/install/perception/share/perception
[2.039s] running install_egg_info
[2.062s] removing '/home/qndks11/HYPER/install/perception/lib/python3.10/site-packages/perception-0.0.0-py3.10.egg-info' (and everything under it)
[2.063s] Copying ../../build/perception/perception.egg-info to /home/qndks11/HYPER/install/perception/lib/python3.10/site-packages/perception-0.0.0-py3.10.egg-info
[2.065s] running install_scripts
[2.239s] Installing camera_subscriber script to /home/qndks11/HYPER/install/perception/lib/perception
[2.239s] Installing lane_detector script to /home/qndks11/HYPER/install/perception/lib/perception
[2.240s] Installing sign_detector script to /home/qndks11/HYPER/install/perception/lib/perception
[2.240s] Installing visualizer script to /home/qndks11/HYPER/install/perception/lib/perception
[2.240s] writing list of installed files to '/home/qndks11/HYPER/build/perception/install.log'
[2.289s] Invoked command in '/home/qndks11/HYPER/src/perception' returned '0': PYTHONPATH=/home/qndks11/HYPER/build/perception/prefix_override:/usr/lib/python3/dist-packages/colcon_core/task/python/colcon_distutils_commands:/home/qndks11/HYPER/install/perception/lib/python3.10/site-packages:${PYTHONPATH} /usr/bin/python3 -W ignore:setup.py install is deprecated -W ignore:easy_install command is deprecated setup.py egg_info --egg-base ../../build/perception build --build-base /home/qndks11/HYPER/build/perception/build install --record /home/qndks11/HYPER/build/perception/install.log --single-version-externally-managed install_data
